Archive member included to satisfy reference by file (symbol)

/opt/homebrew/Cellar/arm-none-eabi-gcc/10.3-2021.10/gcc/bin/../lib/gcc/arm-none-eabi/10.3.1/thumb/v6-m/nofp/libgcc.a(_dvmd_tls.o)
                              CMakeFiles/dev_hid_composite.dir/Users/bezikmac/Documents/Arduino/Pico/test/pico-sdk/src/rp2_common/pico_divider/divider_hardware.S.o (__aeabi_idiv0)
/opt/homebrew/Cellar/arm-none-eabi-gcc/10.3-2021.10/gcc/bin/../lib/gcc/arm-none-eabi/10.3.1/../../../../arm-none-eabi/lib/thumb/v6-m/nofp/libg.a(lib_a-calloc.o)
                              CMakeFiles/dev_hid_composite.dir/Users/bezikmac/Documents/Arduino/Pico/test/pico-sdk/src/rp2_common/pico_malloc/malloc.c.o (calloc)
/opt/homebrew/Cellar/arm-none-eabi-gcc/10.3-2021.10/gcc/bin/../lib/gcc/arm-none-eabi/10.3.1/../../../../arm-none-eabi/lib/thumb/v6-m/nofp/libg.a(lib_a-callocr.o)
                              /opt/homebrew/Cellar/arm-none-eabi-gcc/10.3-2021.10/gcc/bin/../lib/gcc/arm-none-eabi/10.3.1/../../../../arm-none-eabi/lib/thumb/v6-m/nofp/libg.a(lib_a-calloc.o) (_calloc_r)
/opt/homebrew/Cellar/arm-none-eabi-gcc/10.3-2021.10/gcc/bin/../lib/gcc/arm-none-eabi/10.3.1/../../../../arm-none-eabi/lib/thumb/v6-m/nofp/libg.a(lib_a-errno.o)
                              /opt/homebrew/Cellar/arm-none-eabi-gcc/10.3-2021.10/gcc/bin/../lib/gcc/arm-none-eabi/10.3.1/../../../../arm-none-eabi/lib/thumb/v6-m/nofp/libg.a(lib_a-callocr.o) (__errno)
/opt/homebrew/Cellar/arm-none-eabi-gcc/10.3-2021.10/gcc/bin/../lib/gcc/arm-none-eabi/10.3.1/../../../../arm-none-eabi/lib/thumb/v6-m/nofp/libg.a(lib_a-impure.o)
                              /opt/homebrew/Cellar/arm-none-eabi-gcc/10.3-2021.10/gcc/bin/../lib/gcc/arm-none-eabi/10.3.1/../../../../arm-none-eabi/lib/thumb/v6-m/nofp/libg.a(lib_a-calloc.o) (_impure_ptr)
/opt/homebrew/Cellar/arm-none-eabi-gcc/10.3-2021.10/gcc/bin/../lib/gcc/arm-none-eabi/10.3.1/../../../../arm-none-eabi/lib/thumb/v6-m/nofp/libg.a(lib_a-init.o)
                              /opt/homebrew/Cellar/arm-none-eabi-gcc/10.3-2021.10/gcc/bin/../lib/gcc/arm-none-eabi/10.3.1/../../../../arm-none-eabi/lib/thumb/v6-m/nofp/crt0.o (__libc_init_array)
/opt/homebrew/Cellar/arm-none-eabi-gcc/10.3-2021.10/gcc/bin/../lib/gcc/arm-none-eabi/10.3.1/../../../../arm-none-eabi/lib/thumb/v6-m/nofp/libg.a(lib_a-lcltime_r.o)
                              CMakeFiles/dev_hid_composite.dir/Users/bezikmac/Documents/Arduino/Pico/test/pico-sdk/src/common/pico_util/datetime.c.o (localtime_r)
/opt/homebrew/Cellar/arm-none-eabi-gcc/10.3-2021.10/gcc/bin/../lib/gcc/arm-none-eabi/10.3.1/../../../../arm-none-eabi/lib/thumb/v6-m/nofp/libg.a(lib_a-malloc.o)
                              CMakeFiles/dev_hid_composite.dir/Users/bezikmac/Documents/Arduino/Pico/test/pico-sdk/src/rp2_common/pico_malloc/malloc.c.o (malloc)
/opt/homebrew/Cellar/arm-none-eabi-gcc/10.3-2021.10/gcc/bin/../lib/gcc/arm-none-eabi/10.3.1/../../../../arm-none-eabi/lib/thumb/v6-m/nofp/libg.a(lib_a-mallocr.o)
                              /opt/homebrew/Cellar/arm-none-eabi-gcc/10.3-2021.10/gcc/bin/../lib/gcc/arm-none-eabi/10.3.1/../../../../arm-none-eabi/lib/thumb/v6-m/nofp/libg.a(lib_a-callocr.o) (_malloc_r)
/opt/homebrew/Cellar/arm-none-eabi-gcc/10.3-2021.10/gcc/bin/../lib/gcc/arm-none-eabi/10.3.1/../../../../arm-none-eabi/lib/thumb/v6-m/nofp/libg.a(lib_a-memcmp.o)
                              CMakeFiles/dev_hid_composite.dir/Users/bezikmac/Documents/Arduino/Pico/test/pico-sdk/src/rp2_common/pico_atomic/atomic.c.o (memcmp)
/opt/homebrew/Cellar/arm-none-eabi-gcc/10.3-2021.10/gcc/bin/../lib/gcc/arm-none-eabi/10.3.1/../../../../arm-none-eabi/lib/thumb/v6-m/nofp/libg.a(lib_a-mktime.o)
                              CMakeFiles/dev_hid_composite.dir/Users/bezikmac/Documents/Arduino/Pico/test/pico-sdk/src/common/pico_util/datetime.c.o (mktime)
/opt/homebrew/Cellar/arm-none-eabi-gcc/10.3-2021.10/gcc/bin/../lib/gcc/arm-none-eabi/10.3.1/../../../../arm-none-eabi/lib/thumb/v6-m/nofp/libg.a(lib_a-mlock.o)
                              /opt/homebrew/Cellar/arm-none-eabi-gcc/10.3-2021.10/gcc/bin/../lib/gcc/arm-none-eabi/10.3.1/../../../../arm-none-eabi/lib/thumb/v6-m/nofp/libg.a(lib_a-mallocr.o) (__malloc_lock)
/opt/homebrew/Cellar/arm-none-eabi-gcc/10.3-2021.10/gcc/bin/../lib/gcc/arm-none-eabi/10.3.1/../../../../arm-none-eabi/lib/thumb/v6-m/nofp/libg.a(lib_a-month_lengths.o)
                              /opt/homebrew/Cellar/arm-none-eabi-gcc/10.3-2021.10/gcc/bin/../lib/gcc/arm-none-eabi/10.3.1/../../../../arm-none-eabi/lib/thumb/v6-m/nofp/libg.a(lib_a-lcltime_r.o) (__month_lengths)
/opt/homebrew/Cellar/arm-none-eabi-gcc/10.3-2021.10/gcc/bin/../lib/gcc/arm-none-eabi/10.3.1/../../../../arm-none-eabi/lib/thumb/v6-m/nofp/libg.a(lib_a-realloc.o)
                              CMakeFiles/dev_hid_composite.dir/Users/bezikmac/Documents/Arduino/Pico/test/pico-sdk/src/rp2_common/pico_malloc/malloc.c.o (realloc)
[...]
Memory Configuration

Name             Origin             Length             Attributes
FLASH            0x0000000010000000 0x0000000000200000 xr
RAM              0x0000000020000000 0x0000000000040000 xrw
SCRATCH_X        0x0000000020040000 0x0000000000001000 xrw
SCRATCH_Y        0x0000000020041000 0x0000000000001000 xrw
*default*        0x0000000000000000 0xffffffffffffffff

Linker script and memory map

LOAD /opt/homebrew/Cellar/arm-none-eabi-gcc/10.3-2021.10/gcc/bin/../lib/gcc/arm-none-eabi/10.3.1/thumb/v6-m/nofp/crti.o
LOAD /opt/homebrew/Cellar/arm-none-eabi-gcc/10.3-2021.10/gcc/bin/../lib/gcc/arm-none-eabi/10.3.1/thumb/v6-m/nofp/crtbegin.o
LOAD /opt/homebrew/Cellar/arm-none-eabi-gcc/10.3-2021.10/gcc/bin/../lib/gcc/arm-none-eabi/10.3.1/../../../../arm-none-eabi/lib/thumb/v6-m/nofp/crt0.o

.flash_begin    0x0000000010000000        0x0
                0x0000000010000000                __flash_binary_start = .

.boot2          0x0000000010000000      0x100
                0x0000000010000000                __boot2_start__ = .
 *(.boot2)
 .boot2         0x0000000010000000      0x100 pico-sdk/src/rp2040/boot_stage2/CMakeFiles/bs2_default_library.dir/bs2_default_padded_checksummed.S.o
                0x0000000010000100                __boot2_end__ = .
                0x0000000000000001                ASSERT (((__boot2_end__ - __boot2_start__) == 0x100), ERROR: Pico second stage bootloader must be 256 bytes in size)

.text           0x0000000010000100     0x3c04
                0x0000000010000100                __logical_binary_start = .
 *(.vectors)
 .vectors       0x0000000010000100       0xd4 CMakeFiles/dev_hid_composite.dir/Users/bezikmac/Documents/Arduino/Pico/test/pico-sdk/src/rp2_common/pico_crt0/crt0.S.o
                0x0000000010000100                __VECTOR_TABLE
                0x0000000010000100                __vectors
                0x00000000100001c0                __default_isrs_start
                0x00000000100001c0                isr_invalid
                0x00000000100001c2                isr_nmi
                0x00000000100001c4                isr_hardfault
                0x00000000100001c6                isr_svcall
                0x00000000100001c8                isr_pendsv
                0x00000000100001ca                isr_systick
                0x00000000100001cc                isr_irq28
                0x00000000100001cc                isr_irq19
                0x00000000100001cc                isr_irq0
                0x00000000100001cc                isr_irq6
                0x00000000100001cc                isr_irq22
                0x00000000100001cc                isr_irq17
                0x00000000100001cc                isr_irq14
                0x00000000100001cc                isr_irq2
                0x00000000100001cc                isr_irq10
                0x00000000100001cc                isr_irq8
                0x00000000100001cc                isr_irq24
                0x00000000100001cc                isr_irq1
                0x00000000100001cc                isr_irq7
                0x00000000100001cc                isr_irq21
                0x00000000100001cc                isr_irq20
                0x00000000100001cc                isr_irq15
                0x00000000100001cc                isr_irq25
                0x00000000100001cc                isr_irq4
                0x00000000100001cc                isr_irq16
                0x00000000100001cc                isr_irq29
                0x00000000100001cc                isr_irq26
                0x00000000100001cc                __default_isrs_end
                0x00000000100001cc                isr_irq3
                0x00000000100001cc                isr_irq9
                0x00000000100001cc                __unhandled_user_irq
                0x00000000100001cc                isr_irq13
                0x00000000100001cc                isr_irq27
                0x00000000100001cc                isr_irq31
                0x00000000100001cc                isr_irq5
                0x00000000100001cc                isr_irq11
                0x00000000100001cc                isr_irq23
                0x00000000100001cc                isr_irq18
                0x00000000100001cc                isr_irq30
                0x00000000100001cc                isr_irq12
                0x00000000100001d2                unhandled_user_irq_num_in_r0
 *(.binary_info_header)
 .binary_info_header
                0x00000000100001d4       0x14 CMakeFiles/dev_hid_composite.dir/Users/bezikmac/Documents/Arduino/Pico/test/pico-sdk/src/rp2_common/pico_crt0/crt0.S.o
                0x00000000100001e8                __binary_info_header_end = .
 *(.embedded_block)
                0x00000000100001e8                __embedded_block_end = .
 *(.reset)
 .reset         0x00000000100001e8       0x9c CMakeFiles/dev_hid_composite.dir/Users/bezikmac/Documents/Arduino/Pico/test/pico-sdk/src/rp2_common/pico_crt0/crt0.S.o
                0x00000000100001e8                _entry_point
 *(.init)
 .init          0x0000000010000284        0x4 /opt/homebrew/Cellar/arm-none-eabi-gcc/10.3-2021.10/gcc/bin/../lib/gcc/arm-none-eabi/10.3.1/thumb/v6-m/nofp/crti.o
                0x0000000010000284                _init
 *(EXCLUDE_FILE(*libm.a: *libc.a:*lib_a-mem*.o *libgcc.a:) .text*)
 .text          0x0000000010000288       0x48 /opt/homebrew/Cellar/arm-none-eabi-gcc/10.3-2021.10/gcc/bin/../lib/gcc/arm-none-eabi/10.3.1/thumb/v6-m/nofp/crtbegin.o
 .text.sleep    0x00000000100002d0       0xd0 CMakeFiles/dev_hid_composite.dir/main.c.o
                0x00000000100002d0                sleep
 .text.print_blocking.constprop.0.isra.0
                0x00000000100003a0       0x6c CMakeFiles/dev_hid_composite.dir/main.c.o
 .text.startup.main
                0x000000001000040c      0x10c CMakeFiles/dev_hid_composite.dir/main.c.o
                0x000000001000040c                main
 .text.tud_mount_cb
                0x0000000010000518       0x10 CMakeFiles/dev_hid_composite.dir/main.c.o
                0x0000000010000518                tud_mount_cb
 .text.tud_umount_cb
                0x0000000010000528        0xc CMakeFiles/dev_hid_composite.dir/main.c.o
                0x0000000010000528                tud_umount_cb
 .text.tud_suspend_cb
                0x0000000010000534       0x10 CMakeFiles/dev_hid_composite.dir/main.c.o
                0x0000000010000534                tud_suspend_cb
 .text.tud_resume_cb
                0x0000000010000544       0x20 CMakeFiles/dev_hid_composite.dir/main.c.o
                0x0000000010000544                tud_resume_cb
 .text.tud_hid_report_complete_cb
                0x0000000010000564        0x4 CMakeFiles/dev_hid_composite.dir/main.c.o
                0x0000000010000564                tud_hid_report_complete_cb
 .text.tud_hid_get_report_cb
                0x0000000010000568        0x4 CMakeFiles/dev_hid_composite.dir/main.c.o
                0x0000000010000568                tud_hid_get_report_cb
 .text.tud_hid_set_report_cb
                0x000000001000056c       0x40 CMakeFiles/dev_hid_composite.dir/main.c.o
                0x000000001000056c                tud_hid_set_report_cb
 .text.tud_descriptor_device_cb
                0x00000000100005ac        0x8 CMakeFiles/dev_hid_composite.dir/usb_descriptors.c.o
                0x00000000100005ac                tud_descriptor_device_cb
 .text.tud_hid_descriptor_report_cb
                0x00000000100005b4        0x8 CMakeFiles/dev_hid_composite.dir/usb_descriptors.c.o
                0x00000000100005b4                tud_hid_descriptor_report_cb
 .text.tud_descriptor_configuration_cb
                0x00000000100005bc        0x8 CMakeFiles/dev_hid_composite.dir/usb_descriptors.c.o
                0x00000000100005bc                tud_descriptor_configuration_cb
 .text.tud_descriptor_string_cb
                0x00000000100005c4       0x78 CMakeFiles/dev_hid_composite.dir/usb_descriptors.c.o
                0x00000000100005c4                tud_descriptor_string_cb
 .text.gpio_set_function
                0x000000001000063c       0x34 CMakeFiles/dev_hid_composite.dir/Users/bezikmac/Documents/Arduino/Pico/test/pico-sdk/src/rp2_common/hardware_gpio/gpio.c.o
                0x000000001000063c                gpio_set_function
 .text.gpio_set_pulls
                0x0000000010000670       0x34 CMakeFiles/dev_hid_composite.dir/Users/bezikmac/Documents/Arduino/Pico/test/pico-sdk/src/rp2_common/hardware_gpio/gpio.c.o
                0x0000000010000670                gpio_set_pulls
 .text.gpio_init
                0x00000000100006a4       0x40 CMakeFiles/dev_hid_composite.dir/Users/bezikmac/Documents/Arduino/Pico/test/pico-sdk/src/rp2_common/hardware_gpio/gpio.c.o
                0x00000000100006a4                gpio_init
 .text.rp2040_chip_version
                0x00000000100006e4        0xc CMakeFiles/dev_hid_composite.dir/Users/bezikmac/Documents/Arduino/Pico/test/pico-sdk/src/rp2040/pico_platform/platform.c.o
                0x00000000100006e4                rp2040_chip_version
 .text.panic    0x00000000100006f0       0x30 CMakeFiles/dev_hid_composite.dir/Users/bezikmac/Documents/Arduino/Pico/test/pico-sdk/src/rp2_common/pico_platform_panic/panic.c.o
                0x00000000100006f0                panic
 .text.hw_claim_or_assert
                0x0000000010000720       0x44 CMakeFiles/dev_hid_composite.dir/Users/bezikmac/Documents/Arduino/Pico/test/pico-sdk/src/common/hardware_claim/claim.c.o
                0x0000000010000720                hw_claim_or_assert
 .text.hw_claim_unused_from_range
                0x0000000010000764       0x9c CMakeFiles/dev_hid_composite.dir/Users/bezikmac/Documents/Arduino/Pico/test/pico-sdk/src/common/hardware_claim/claim.c.o
                0x0000000010000764                hw_claim_unused_from_range
 .text.next_striped_spin_lock_num
                0x0000000010000800       0x18 CMakeFiles/dev_hid_composite.dir/Users/bezikmac/Documents/Arduino/Pico/test/pico-sdk/src/rp2_common/hardware_sync/sync.c.o
                0x0000000010000800                next_striped_spin_lock_num
 .text.spin_lock_claim_unused
                0x0000000010000818       0x20 CMakeFiles/dev_hid_composite.dir/Users/bezikmac/Documents/Arduino/Pico/test/pico-sdk/src/rp2_common/hardware_sync/sync.c.o
                0x0000000010000818                spin_lock_claim_unused
 .text.spin_locks_reset
                0x0000000010000838       0x1c CMakeFiles/dev_hid_composite.dir/Users/bezikmac/Documents/Arduino/Pico/test/pico-sdk/src/rp2_common/hardware_sync_spin_lock/sync_spin_lock.c.o
                0x0000000010000838                spin_locks_reset
 .text.runtime_init_per_core_irq_priorities
                0x0000000010000854       0x24 CMakeFiles/dev_hid_composite.dir/Users/bezikmac/Documents/Arduino/Pico/test/pico-sdk/src/rp2_common/hardware_irq/irq.c.o
                0x0000000010000854                runtime_init_per_core_irq_priorities
 .text.irq_set_enabled
                0x0000000010000878       0x24 CMakeFiles/dev_hid_composite.dir/Users/bezikmac/Documents/Arduino/Pico/test/pico-sdk/src/rp2_common/hardware_irq/irq.c.o
                0x0000000010000878                irq_set_enabled
 .text.irq_set_exclusive_handler
                0x000000001000089c       0x54 CMakeFiles/dev_hid_composite.dir/Users/bezikmac/Documents/Arduino/Pico/test/pico-sdk/src/rp2_common/hardware_irq/irq.c.o
                0x000000001000089c                irq_set_exclusive_handler
 .text.irq_add_shared_handler
                0x00000000100008f0      0x1e8 CMakeFiles/dev_hid_composite.dir/Users/bezikmac/Documents/Arduino/Pico/test/pico-sdk/src/rp2_common/hardware_irq/irq.c.o
                0x00000000100008f0                irq_add_shared_handler
 .text.irq_remove_handler
                0x0000000010000ad8      0x1c4 CMakeFiles/dev_hid_composite.dir/Users/bezikmac/Documents/Arduino/Pico/test/pico-sdk/src/rp2_common/hardware_irq/irq.c.o
                0x0000000010000ad8                irq_remove_handler
 .text.irq_add_tail_to_free_list
                0x0000000010000c9c       0xb4 CMakeFiles/dev_hid_composite.dir/Users/bezikmac/Documents/Arduino/Pico/test/pico-sdk/src/rp2_common/hardware_irq/irq.c.o
                0x0000000010000c9c                irq_add_tail_to_free_list
 .text.lock_init
                0x0000000010000d50       0x10 CMakeFiles/dev_hid_composite.dir/Users/bezikmac/Documents/Arduino/Pico/test/pico-sdk/src/common/pico_sync/lock_core.c.o
                0x0000000010000d50                lock_init
 .text.runtime_init_mutex
                0x0000000010000d60       0x58 CMakeFiles/dev_hid_composite.dir/Users/bezikmac/Documents/Arduino/Pico/test/pico-sdk/src/common/pico_sync/mutex.c.o
                0x0000000010000d60                runtime_init_mutex
 .text.mutex_init
                0x0000000010000db8       0x1c CMakeFiles/dev_hid_composite.dir/Users/bezikmac/Documents/Arduino/Pico/test/pico-sdk/src/common/pico_sync/mutex.c.o
                0x0000000010000db8                mutex_init
 .text.critical_section_init
                0x0000000010000dd4       0x20 CMakeFiles/dev_hid_composite.dir/Users/bezikmac/Documents/Arduino/Pico/test/pico-sdk/src/common/pico_sync/critical_section.c.o
                0x0000000010000dd4                critical_section_init
 .text.sleep_until_callback
                0x0000000010000df4       0x30 CMakeFiles/dev_hid_composite.dir/Users/bezikmac/Documents/Arduino/Pico/test/pico-sdk/src/common/pico_time/time.c.o
 .text.alarm_pool_irq_handler
                0x0000000010000e24      0x308 CMakeFiles/dev_hid_composite.dir/Users/bezikmac/Documents/Arduino/Pico/test/pico-sdk/src/common/pico_time/time.c.o
 .text.runtime_init_default_alarm_pool
                0x000000001000112c       0xdc CMakeFiles/dev_hid_composite.dir/Users/bezikmac/Documents/Arduino/Pico/test/pico-sdk/src/common/pico_time/time.c.o
                0x000000001000112c                runtime_init_default_alarm_pool
 .text.alarm_pool_add_alarm_at_force_in_context
                0x0000000010001208       0xb0 CMakeFiles/dev_hid_composite.dir/Users/bezikmac/Documents/Arduino/Pico/test/pico-sdk/src/common/pico_time/time.c.o
                0x0000000010001208                alarm_pool_add_alarm_at_force_in_context
 .text.alarm_pool_cancel_alarm
                0x00000000100012b8       0x7c CMakeFiles/dev_hid_composite.dir/Users/bezikmac/Documents/Arduino/Pico/test/pico-sdk/src/common/pico_time/time.c.o
                0x00000000100012b8                alarm_pool_cancel_alarm
 .text.best_effort_wfe_or_timeout
                0x0000000010001334       0xfc CMakeFiles/dev_hid_composite.dir/Users/bezikmac/Documents/Arduino/Pico/test/pico-sdk/src/common/pico_time/time.c.o
                0x0000000010001334                best_effort_wfe_or_timeout
 .text.timer_hardware_alarm_claim
                0x0000000010001430       0x14 CMakeFiles/dev_hid_composite.dir/Users/bezikmac/Documents/Arduino/Pico/test/pico-sdk/src/rp2_common/hardware_timer/timer.c.o
                0x0000000010001430                timer_hardware_alarm_claim
 .text.timer_time_us_64
                0x0000000010001444       0x10 CMakeFiles/dev_hid_composite.dir/Users/bezikmac/Documents/Arduino/Pico/test/pico-sdk/src/rp2_common/hardware_timer/timer.c.o
                0x0000000010001444                timer_time_us_64
 .text.time_us_64
                0x0000000010001454       0x14 CMakeFiles/dev_hid_composite.dir/Users/bezikmac/Documents/Arduino/Pico/test/pico-sdk/src/rp2_common/hardware_timer/timer.c.o
                0x0000000010001454                time_us_64
 .text.busy_wait_us
                0x0000000010001468       0x54 CMakeFiles/dev_hid_composite.dir/Users/bezikmac/Documents/Arduino/Pico/test/pico-sdk/src/rp2_common/hardware_timer/timer.c.o
                0x0000000010001468                busy_wait_us
 .text.uart_init
                0x00000000100014bc      0x11c CMakeFiles/dev_hid_composite.dir/Users/bezikmac/Documents/Arduino/Pico/test/pico-sdk/src/rp2_common/hardware_uart/uart.c.o
                0x00000000100014bc                uart_init
 .text.clock_configure_int_divider
                0x00000000100015d8       0xf4 CMakeFiles/dev_hid_composite.dir/Users/bezikmac/Documents/Arduino/Pico/test/pico-sdk/src/rp2_common/hardware_clocks/clocks.c.o
                0x00000000100015d8                clock_configure_int_divider
 .text.clock_configure_undivided
                0x00000000100016cc       0xe8 CMakeFiles/dev_hid_composite.dir/Users/bezikmac/Documents/Arduino/Pico/test/pico-sdk/src/rp2_common/hardware_clocks/clocks.c.o
                0x00000000100016cc                clock_configure_undivided
 .text.clock_get_hz
                0x00000000100017b4        0xc CMakeFiles/dev_hid_composite.dir/Users/bezikmac/Documents/Arduino/Pico/test/pico-sdk/src/rp2_common/hardware_clocks/clocks.c.o
                0x00000000100017b4                clock_get_hz
 .text.pll_init
                0x00000000100017c0       0xa0 CMakeFiles/dev_hid_composite.dir/Users/bezikmac/Documents/Arduino/Pico/test/pico-sdk/src/rp2_common/hardware_pll/pll.c.o
                0x00000000100017c0                pll_init
 .text.tick_start
                0x0000000010001860       0x10 CMakeFiles/dev_hid_composite.dir/Users/bezikmac/Documents/Arduino/Pico/test/pico-sdk/src/rp2_common/hardware_ticks/ticks.c.o
                0x0000000010001860                tick_start
 .text.rom_func_lookup
                0x0000000010001870       0x10 CMakeFiles/dev_hid_composite.dir/Users/bezikmac/Documents/Arduino/Pico/test/pico-sdk/src/rp2_common/pico_bootrom/bootrom.c.o
                0x0000000010001870                rom_func_lookup
 .text.rom_data_lookup
                0x0000000010001880       0x10 CMakeFiles/dev_hid_composite.dir/Users/bezikmac/Documents/Arduino/Pico/test/pico-sdk/src/rp2_common/pico_bootrom/bootrom.c.o
                0x0000000010001880                rom_data_lookup
 .text.rom_funcs_lookup
                0x0000000010001890       0x44 CMakeFiles/dev_hid_composite.dir/Users/bezikmac/Documents/Arduino/Pico/test/pico-sdk/src/rp2_common/pico_bootrom/bootrom.c.o
                0x0000000010001890                rom_funcs_lookup
 .text.xosc_init
                0x00000000100018d4       0x28 CMakeFiles/dev_hid_composite.dir/Users/bezikmac/Documents/Arduino/Pico/test/pico-sdk/src/rp2_common/hardware_xosc/xosc.c.o
                0x00000000100018d4                xosc_init
 .text.first_per_core_initializer
                0x00000000100018fc        0x4 CMakeFiles/dev_hid_composite.dir/Users/bezikmac/Documents/Arduino/Pico/test/pico-sdk/src/rp2_common/pico_runtime/runtime.c.o
 .text.hard_assertion_failure
                0x0000000010001900        0xc CMakeFiles/dev_hid_composite.dir/Users/bezikmac/Documents/Arduino/Pico/test/pico-sdk/src/rp2_common/pico_runtime/runtime.c.o
                0x0000000010001900                hard_assertion_failure
 .text.runtime_run_initializers
                0x000000001000190c       0x28 CMakeFiles/dev_hid_composite.dir/Users/bezikmac/Documents/Arduino/Pico/test/pico-sdk/src/rp2_common/pico_runtime/runtime.c.o
                0x000000001000190c                runtime_run_initializers
 .text.runtime_init_early_resets
                0x0000000010001934       0x2c CMakeFiles/dev_hid_composite.dir/Users/bezikmac/Documents/Arduino/Pico/test/pico-sdk/src/rp2_common/pico_runtime_init/runtime_init.c.o
                0x0000000010001934                runtime_init_early_resets
 .text.runtime_init_usb_power_down
                0x0000000010001960       0x1c CMakeFiles/dev_hid_composite.dir/Users/bezikmac/Documents/Arduino/Pico/test/pico-sdk/src/rp2_common/pico_runtime_init/runtime_init.c.o
                0x0000000010001960                runtime_init_usb_power_down
 .text.runtime_init_post_clock_resets
                0x000000001000197c       0x20 CMakeFiles/dev_hid_composite.dir/Users/bezikmac/Documents/Arduino/Pico/test/pico-sdk/src/rp2_common/pico_runtime_init/runtime_init.c.o
                0x000000001000197c                runtime_init_post_clock_resets
 .text.runtime_init_rp2040_gpio_ie_disable
                0x000000001000199c       0x14 CMakeFiles/dev_hid_composite.dir/Users/bezikmac/Documents/Arduino/Pico/test/pico-sdk/src/rp2_common/pico_runtime_init/runtime_init.c.o
                0x000000001000199c                runtime_init_rp2040_gpio_ie_disable
 .text.runtime_init_spin_locks_reset
                0x00000000100019b0        0x8 CMakeFiles/dev_hid_composite.dir/Users/bezikmac/Documents/Arduino/Pico/test/pico-sdk/src/rp2_common/pico_runtime_init/runtime_init.c.o
                0x00000000100019b0                runtime_init_spin_locks_reset
 .text.runtime_init_install_ram_vector_table
                0x00000000100019b8       0x1c CMakeFiles/dev_hid_composite.dir/Users/bezikmac/Documents/Arduino/Pico/test/pico-sdk/src/rp2_common/pico_runtime_init/runtime_init.c.o
                0x00000000100019b8                runtime_init_install_ram_vector_table
 .text.runtime_init_clocks
                0x00000000100019d4       0xd8 CMakeFiles/dev_hid_composite.dir/Users/bezikmac/Documents/Arduino/Pico/test/pico-sdk/src/rp2_common/pico_runtime_init/runtime_init_clocks.c.o
                0x00000000100019d4                runtime_init_clocks
 .text          0x0000000010001aac       0x10 CMakeFiles/dev_hid_composite.dir/Users/bezikmac/Documents/Arduino/Pico/test/pico-sdk/src/rp2_common/pico_bit_ops/bit_ops_aeabi.S.o
 .text.__wrap___aeabi_uidiv
                0x0000000010001abc       0x4c CMakeFiles/dev_hid_composite.dir/Users/bezikmac/Documents/Arduino/Pico/test/pico-sdk/src/rp2_common/pico_divider/divider_hardware.S.o
                0x0000000010001abc                __wrap___aeabi_uidiv
                0x0000000010001abc                __wrap___aeabi_uidivmod
                0x0000000010001abc                div_u32u32
                0x0000000010001abc                divmod_u32u32
                0x0000000010001ac4                divmod_u32u32_unsafe
                0x0000000010001aec                divmod_u32u32_savestate
 .text.__wrap___aeabi_ldiv
                0x0000000010001b08      0x424 CMakeFiles/dev_hid_composite.dir/Users/bezikmac/Documents/Arduino/Pico/test/pico-sdk/src/rp2_common/pico_divider/divider_hardware.S.o
                0x0000000010001b08                __wrap___aeabi_ldivmod
                0x0000000010001b08                div_s64s64
                0x0000000010001b08                divmod_s64s64
                0x0000000010001b38                divmod_u64u64
                0x0000000010001b38                div_u64u64
                0x0000000010001b38                __wrap___aeabi_uldivmod
                0x0000000010001b48                divmod_u64u64_savestate
                0x0000000010001b68                divmod_s64s64_unsafe
                0x0000000010001bf0                divmod_u64u64_unsafe
 .text.__aeabi_double_init
                0x0000000010001f2c       0xa0 CMakeFiles/dev_hid_composite.dir/Users/bezikmac/Documents/Arduino/Pico/test/pico-sdk/src/rp2_common/pico_double/double_init_rom_rp2040.c.o
                0x0000000010001f2c                __aeabi_double_init
 .text.double_table_shim_on_use_helper
                0x0000000010001fcc       0x2c CMakeFiles/dev_hid_composite.dir/Users/bezikmac/Documents/Arduino/Pico/test/pico-sdk/src/rp2_common/pico_double/double_v1_rom_shim_rp2040.S.o
                0x0000000010001fcc                double_table_shim_on_use_helper
 .text.__aeabi_lmul
                0x0000000010001ff8       0x32 CMakeFiles/dev_hid_composite.dir/Users/bezikmac/Documents/Arduino/Pico/test/pico-sdk/src/rp2_common/pico_int64_ops/pico_int64_ops_aeabi.S.o
                0x0000000010001ff8                __wrap___aeabi_lmul
 *fill*         0x000000001000202a        0x2 
 .text.__aeabi_float_init
                0x000000001000202c       0x64 CMakeFiles/dev_hid_composite.dir/Users/bezikmac/Documents/Arduino/Pico/test/pico-sdk/src/rp2_common/pico_float/float_init_rom_rp2040.c.o
                0x000000001000202c                __aeabi_float_init
 .text.float_table_shim_on_use_helper
                0x0000000010002090       0x2c CMakeFiles/dev_hid_composite.dir/Users/bezikmac/Documents/Arduino/Pico/test/pico-sdk/src/rp2_common/pico_float/float_v1_rom_shim_rp2040.S.o
                0x0000000010002090                float_table_shim_on_use_helper
 .text          0x00000000100020bc       0x10 CMakeFiles/dev_hid_composite.dir/Users/bezikmac/Documents/Arduino/Pico/test/pico-sdk/src/rp2_common/pico_mem_ops/mem_ops_aeabi.S.o
                0x00000000100020bc                __aeabi_mem_init
 .text.memset   0x00000000100020cc        0xc CMakeFiles/dev_hid_composite.dir/Users/bezikmac/Documents/Arduino/Pico/test/pico-sdk/src/rp2_common/pico_mem_ops/mem_ops_aeabi.S.o
                0x00000000100020cc                __wrap_memset
 .text.memcpy   0x00000000100020d8        0xc CMakeFiles/dev_hid_composite.dir/Users/bezikmac/Documents/Arduino/Pico/test/pico-sdk/src/rp2_common/pico_mem_ops/mem_ops_aeabi.S.o
                0x00000000100020d8                __wrap___aeabi_memcpy
                0x00000000100020d8                __wrap_memcpy
 .text._out_char
                0x00000000100020e4       0x10 CMakeFiles/dev_hid_composite.dir/Users/bezikmac/Documents/Arduino/Pico/test/pico-sdk/src/rp2_common/pico_printf/printf.c.o
 .text.weak_raw_vprintf
                0x00000000100020f4       0x30 CMakeFiles/dev_hid_composite.dir/Users/bezikmac/Documents/Arduino/Pico/test/pico-sdk/src/rp2_common/pico_printf/printf.c.o
                0x00000000100020f4                weak_raw_vprintf
 .text._exit    0x0000000010002124        0x4 CMakeFiles/dev_hid_composite.dir/Users/bezikmac/Documents/Arduino/Pico/test/pico-sdk/src/rp2_common/pico_clib_interface/newlib_interface.c.o
                0x0000000010002124                _exit
 .text.exit     0x0000000010002128        0x8 CMakeFiles/dev_hid_composite.dir/Users/bezikmac/Documents/Arduino/Pico/test/pico-sdk/src/rp2_common/pico_clib_interface/newlib_interface.c.o
                0x0000000010002128                exit
 .text.runtime_init
                0x0000000010002130       0x2c CMakeFiles/dev_hid_composite.dir/Users/bezikmac/Documents/Arduino/Pico/test/pico-sdk/src/rp2_common/pico_clib_interface/newlib_interface.c.o
                0x0000000010002130                runtime_init
 .text.stdio_out_chars_no_crlf
                0x000000001000215c       0x10 CMakeFiles/dev_hid_composite.dir/Users/bezikmac/Documents/Arduino/Pico/test/pico-sdk/src/rp2_common/pico_stdio/stdio.c.o
 .text.stdio_out_chars_crlf
                0x000000001000216c       0xb4 CMakeFiles/dev_hid_composite.dir/Users/bezikmac/Documents/Arduino/Pico/test/pico-sdk/src/rp2_common/pico_stdio/stdio.c.o
 .text.stdio_put_string
                0x0000000010002220      0x100 CMakeFiles/dev_hid_composite.dir/Users/bezikmac/Documents/Arduino/Pico/test/pico-sdk/src/rp2_common/pico_stdio/stdio.c.o
                0x0000000010002220                stdio_put_string
 .text.stdio_set_driver_enabled
                0x0000000010002320       0x30 CMakeFiles/dev_hid_composite.dir/Users/bezikmac/Documents/Arduino/Pico/test/pico-sdk/src/rp2_common/pico_stdio/stdio.c.o
                0x0000000010002320                stdio_set_driver_enabled
 .text.__wrap_putchar
                0x0000000010002350       0x98 CMakeFiles/dev_hid_composite.dir/Users/bezikmac/Documents/Arduino/Pico/test/pico-sdk/src/rp2_common/pico_stdio/stdio.c.o
                0x0000000010002350                stdio_putchar
                0x0000000010002350                __wrap_putchar
 .text.__wrap_puts
                0x00000000100023e8       0x3c CMakeFiles/dev_hid_composite.dir/Users/bezikmac/Documents/Arduino/Pico/test/pico-sdk/src/rp2_common/pico_stdio/stdio.c.o
                0x00000000100023e8                __wrap_puts
                0x00000000100023e8                stdio_puts
 .text.stdio_uart_out_chars
                0x0000000010002424       0x4c CMakeFiles/dev_hid_composite.dir/Users/bezikmac/Documents/Arduino/Pico/test/pico-sdk/src/rp2_common/pico_stdio_uart/stdio_uart.c.o
 .text.stdio_uart_in_chars
                0x0000000010002470       0x84 CMakeFiles/dev_hid_composite.dir/Users/bezikmac/Documents/Arduino/Pico/test/pico-sdk/src/rp2_common/pico_stdio_uart/stdio_uart.c.o
                0x0000000010002470                stdio_uart_in_chars
 .text.on_uart_rx
                0x00000000100024f4       0x28 CMakeFiles/dev_hid_composite.dir/Users/bezikmac/Documents/Arduino/Pico/test/pico-sdk/src/rp2_common/pico_stdio_uart/stdio_uart.c.o
 .text.stdio_uart_out_flush
                0x000000001000251c       0x14 CMakeFiles/dev_hid_composite.dir/Users/bezikmac/Documents/Arduino/Pico/test/pico-sdk/src/rp2_common/pico_stdio_uart/stdio_uart.c.o
 .text.stdio_uart_set_chars_available_callback
                0x0000000010002530       0x88 CMakeFiles/dev_hid_composite.dir/Users/bezikmac/Documents/Arduino/Pico/test/pico-sdk/src/rp2_common/pico_stdio_uart/stdio_uart.c.o
 .text.stdio_uart_init_full
                0x00000000100025b8       0x3c CMakeFiles/dev_hid_composite.dir/Users/bezikmac/Documents/Arduino/Pico/test/pico-sdk/src/rp2_common/pico_stdio_uart/stdio_uart.c.o
                0x00000000100025b8                stdio_uart_init_full
 .text.startup._retrieve_unique_id_on_boot
                0x00000000100025f4       0x10 CMakeFiles/dev_hid_composite.dir/Users/bezikmac/Documents/Arduino/Pico/test/pico-sdk/src/rp2_common/pico_unique_id/unique_id.c.o
 .text.flash_get_unique_id
                0x0000000010002604       0x40 CMakeFiles/dev_hid_composite.dir/Users/bezikmac/Documents/Arduino/Pico/test/pico-sdk/src/rp2_common/hardware_flash/flash.c.o
                0x0000000010002604                flash_get_unique_id
 .text.dcd_init
                0x0000000010002644       0x90 CMakeFiles/dev_hid_composite.dir/Users/bezikmac/Documents/Arduino/Pico/test/pico-sdk/lib/tinyusb/src/portable/raspberrypi/rp2040/dcd_rp2040.c.o
                0x0000000010002644                dcd_init
 .text.dcd_int_enable
                0x00000000100026d4        0xc CMakeFiles/dev_hid_composite.dir/Users/bezikmac/Documents/Arduino/Pico/test/pico-sdk/lib/tinyusb/src/portable/raspberrypi/rp2040/dcd_rp2040.c.o
                0x00000000100026d4                dcd_int_enable
 .text.dcd_set_address
                0x00000000100026e0       0x14 CMakeFiles/dev_hid_composite.dir/Users/bezikmac/Documents/Arduino/Pico/test/pico-sdk/lib/tinyusb/src/portable/raspberrypi/rp2040/dcd_rp2040.c.o
                0x00000000100026e0                dcd_set_address
 .text.dcd_sof_enable
                0x00000000100026f4       0x1c CMakeFiles/dev_hid_composite.dir/Users/bezikmac/Documents/Arduino/Pico/test/pico-sdk/lib/tinyusb/src/portable/raspberrypi/rp2040/dcd_rp2040.c.o
                0x00000000100026f4                dcd_sof_enable
 .text.dcd_edpt0_status_complete
                0x0000000010002710       0x1c CMakeFiles/dev_hid_composite.dir/Users/bezikmac/Documents/Arduino/Pico/test/pico-sdk/lib/tinyusb/src/portable/raspberrypi/rp2040/dcd_rp2040.c.o
                0x0000000010002710                dcd_edpt0_status_complete
 .text.dcd_edpt_open
                0x000000001000272c      0x114 CMakeFiles/dev_hid_composite.dir/Users/bezikmac/Documents/Arduino/Pico/test/pico-sdk/lib/tinyusb/src/portable/raspberrypi/rp2040/dcd_rp2040.c.o
                0x000000001000272c                dcd_edpt_open
 .text.dcd_edpt_close_all
                0x0000000010002840        0x8 CMakeFiles/dev_hid_composite.dir/Users/bezikmac/Documents/Arduino/Pico/test/pico-sdk/lib/tinyusb/src/portable/raspberrypi/rp2040/dcd_rp2040.c.o
                0x0000000010002840                dcd_edpt_close_all
 .text.dcd_edpt_xfer
                0x0000000010002848       0x24 CMakeFiles/dev_hid_composite.dir/Users/bezikmac/Documents/Arduino/Pico/test/pico-sdk/lib/tinyusb/src/portable/raspberrypi/rp2040/dcd_rp2040.c.o
                0x0000000010002848                dcd_edpt_xfer
 .text.dcd_edpt_stall
                0x000000001000286c       0x38 CMakeFiles/dev_hid_composite.dir/Users/bezikmac/Documents/Arduino/Pico/test/pico-sdk/lib/tinyusb/src/portable/raspberrypi/rp2040/dcd_rp2040.c.o
                0x000000001000286c                dcd_edpt_stall
 .text.dcd_edpt_clear_stall
                0x00000000100028a4       0x30 CMakeFiles/dev_hid_composite.dir/Users/bezikmac/Documents/Arduino/Pico/test/pico-sdk/lib/tinyusb/src/portable/raspberrypi/rp2040/dcd_rp2040.c.o
                0x00000000100028a4                dcd_edpt_clear_stall
 .text.rp2040_usb_init
                0x00000000100028d4       0x40 CMakeFiles/dev_hid_composite.dir/Users/bezikmac/Documents/Arduino/Pico/test/pico-sdk/lib/tinyusb/src/portable/raspberrypi/rp2040/rp2040_usb.c.o
                0x00000000100028d4                rp2040_usb_init
 .text.hw_endpoint_xfer_start
                0x0000000010002914       0x50 CMakeFiles/dev_hid_composite.dir/Users/bezikmac/Documents/Arduino/Pico/test/pico-sdk/lib/tinyusb/src/portable/raspberrypi/rp2040/rp2040_usb.c.o
                0x0000000010002914                hw_endpoint_xfer_start
 .text.tud_vendor_control_xfer_cb
                0x0000000010002964        0x4 CMakeFiles/dev_hid_composite.dir/Users/bezikmac/Documents/Arduino/Pico/test/pico-sdk/lib/tinyusb/src/device/usbd.c.o
                0x0000000010002964                tud_vendor_control_xfer_cb
 .text.tud_event_hook_cb
                0x0000000010002968        0x4 CMakeFiles/dev_hid_composite.dir/Users/bezikmac/Documents/Arduino/Pico/test/pico-sdk/lib/tinyusb/src/device/usbd.c.o
                0x0000000010002968                tud_event_hook_cb
 .text.tud_sof_cb
                0x000000001000296c        0x4 CMakeFiles/dev_hid_composite.dir/Users/bezikmac/Documents/Arduino/Pico/test/pico-sdk/lib/tinyusb/src/device/usbd.c.o
                0x000000001000296c                tud_sof_cb
 .text.tud_descriptor_bos_cb
                0x0000000010002970        0x4 CMakeFiles/dev_hid_composite.dir/Users/bezikmac/Documents/Arduino/Pico/test/pico-sdk/lib/tinyusb/src/device/usbd.c.o
                0x0000000010002970                tud_descriptor_bos_cb
 .text.tud_descriptor_device_qualifier_cb
                0x0000000010002974        0x4 CMakeFiles/dev_hid_composite.dir/Users/bezikmac/Documents/Arduino/Pico/test/pico-sdk/lib/tinyusb/src/device/usbd.c.o
                0x0000000010002974                tud_descriptor_device_qualifier_cb
 .text.tud_descriptor_other_speed_configuration_cb
                0x0000000010002978        0x4 CMakeFiles/dev_hid_composite.dir/Users/bezikmac/Documents/Arduino/Pico/test/pico-sdk/lib/tinyusb/src/device/usbd.c.o
                0x0000000010002978                tud_descriptor_other_speed_configuration_cb
 .text.tud_mounted
                0x000000001000297c       0x10 CMakeFiles/dev_hid_composite.dir/Users/bezikmac/Documents/Arduino/Pico/test/pico-sdk/lib/tinyusb/src/device/usbd.c.o
                0x000000001000297c                tud_mounted
 .text.tud_rhport_init
                0x000000001000298c       0xf0 CMakeFiles/dev_hid_composite.dir/Users/bezikmac/Documents/Arduino/Pico/test/pico-sdk/lib/tinyusb/src/device/usbd.c.o
                0x000000001000298c                tud_rhport_init
 .text.tud_task_ext
                0x0000000010002a7c      0x7c8 CMakeFiles/dev_hid_composite.dir/Users/bezikmac/Documents/Arduino/Pico/test/pico-sdk/lib/tinyusb/src/device/usbd.c.o
                0x0000000010002a7c                tud_task_ext
 .text.usbd_open_edpt_pair
                0x0000000010003244       0x9c CMakeFiles/dev_hid_composite.dir/Users/bezikmac/Documents/Arduino/Pico/test/pico-sdk/lib/tinyusb/src/device/usbd.c.o
                0x0000000010003244                usbd_open_edpt_pair
 .text.usbd_edpt_claim
                0x00000000100032e0       0x28 CMakeFiles/dev_hid_composite.dir/Users/bezikmac/Documents/Arduino/Pico/test/pico-sdk/lib/tinyusb/src/device/usbd.c.o
                0x00000000100032e0                usbd_edpt_claim
 .text.usbd_edpt_xfer
                0x0000000010003308       0x4c CMakeFiles/dev_hid_composite.dir/Users/bezikmac/Documents/Arduino/Pico/test/pico-sdk/lib/tinyusb/src/device/usbd.c.o
                0x0000000010003308                usbd_edpt_xfer
 .text.tud_control_status
                0x0000000010003354       0x30 CMakeFiles/dev_hid_composite.dir/Users/bezikmac/Documents/Arduino/Pico/test/pico-sdk/lib/tinyusb/src/device/usbd_control.c.o
                0x0000000010003354                tud_control_status
 .text.tud_control_xfer
                0x0000000010003384       0xbc CMakeFiles/dev_hid_composite.dir/Users/bezikmac/Documents/Arduino/Pico/test/pico-sdk/lib/tinyusb/src/device/usbd_control.c.o
                0x0000000010003384                tud_control_xfer
 .text.usbd_control_reset
                0x0000000010003440       0x14 CMakeFiles/dev_hid_composite.dir/Users/bezikmac/Documents/Arduino/Pico/test/pico-sdk/lib/tinyusb/src/device/usbd_control.c.o
                0x0000000010003440                usbd_control_reset
 .text.usbd_control_set_complete_callback
                0x0000000010003454        0xc CMakeFiles/dev_hid_composite.dir/Users/bezikmac/Documents/Arduino/Pico/test/pico-sdk/lib/tinyusb/src/device/usbd_control.c.o
                0x0000000010003454                usbd_control_set_complete_callback
 .text.usbd_control_set_request
                0x0000000010003460       0x1c CMakeFiles/dev_hid_composite.dir/Users/bezikmac/Documents/Arduino/Pico/test/pico-sdk/lib/tinyusb/src/device/usbd_control.c.o
                0x0000000010003460                usbd_control_set_request
 .text.usbd_control_xfer_cb
                0x000000001000347c       0xf0 CMakeFiles/dev_hid_composite.dir/Users/bezikmac/Documents/Arduino/Pico/test/pico-sdk/lib/tinyusb/src/device/usbd_control.c.o
                0x000000001000347c                usbd_control_xfer_cb
 .text.tud_hid_set_protocol_cb
                0x000000001000356c        0x4 CMakeFiles/dev_hid_composite.dir/Users/bezikmac/Documents/Arduino/Pico/test/pico-sdk/lib/tinyusb/src/class/hid/hid_device.c.o
                0x000000001000356c                tud_hid_set_protocol_cb
 .text.tud_hid_set_idle_cb
                0x0000000010003570        0x4 CMakeFiles/dev_hid_composite.dir/Users/bezikmac/Documents/Arduino/Pico/test/pico-sdk/lib/tinyusb/src/class/hid/hid_device.c.o
                0x0000000010003570                tud_hid_set_idle_cb
 .text.tud_hid_report_failed_cb
                0x0000000010003574        0x4 CMakeFiles/dev_hid_composite.dir/Users/bezikmac/Documents/Arduino/Pico/test/pico-sdk/lib/tinyusb/src/class/hid/hid_device.c.o
                0x0000000010003574                tud_hid_report_failed_cb
 .text.tud_hid_n_keyboard_report
                0x0000000010003578       0x78 CMakeFiles/dev_hid_composite.dir/Users/bezikmac/Documents/Arduino/Pico/test/pico-sdk/lib/tinyusb/src/class/hid/hid_device.c.o
                0x0000000010003578                tud_hid_n_keyboard_report
 .text.hidd_init
                0x00000000100035f0       0x14 CMakeFiles/dev_hid_composite.dir/Users/bezikmac/Documents/Arduino/Pico/test/pico-sdk/lib/tinyusb/src/class/hid/hid_device.c.o
                0x00000000100035f0                hidd_init
 .text.hidd_deinit
                0x0000000010003604        0x4 CMakeFiles/dev_hid_composite.dir/Users/bezikmac/Documents/Arduino/Pico/test/pico-sdk/lib/tinyusb/src/class/hid/hid_device.c.o
                0x0000000010003604                hidd_deinit
 .text.hidd_reset
                0x0000000010003608       0x14 CMakeFiles/dev_hid_composite.dir/Users/bezikmac/Documents/Arduino/Pico/test/pico-sdk/lib/tinyusb/src/class/hid/hid_device.c.o
                0x0000000010003608                hidd_reset
 .text.hidd_open
                0x000000001000361c       0x8c CMakeFiles/dev_hid_composite.dir/Users/bezikmac/Documents/Arduino/Pico/test/pico-sdk/lib/tinyusb/src/class/hid/hid_device.c.o
                0x000000001000361c                hidd_open
 .text.hidd_control_xfer_cb
                0x00000000100036a8      0x1a4 CMakeFiles/dev_hid_composite.dir/Users/bezikmac/Documents/Arduino/Pico/test/pico-sdk/lib/tinyusb/src/class/hid/hid_device.c.o
                0x00000000100036a8                hidd_control_xfer_cb
 .text.hidd_xfer_cb
                0x000000001000384c       0x88 CMakeFiles/dev_hid_composite.dir/Users/bezikmac/Documents/Arduino/Pico/test/pico-sdk/lib/tinyusb/src/class/hid/hid_device.c.o
                0x000000001000384c                hidd_xfer_cb
 .text.tu_edpt_claim
                0x00000000100038d4       0x50 CMakeFiles/dev_hid_composite.dir/Users/bezikmac/Documents/Arduino/Pico/test/pico-sdk/lib/tinyusb/src/tusb.c.o
                0x00000000100038d4                tu_edpt_claim
 .text.tu_edpt_validate
                0x0000000010003924       0x78 CMakeFiles/dev_hid_composite.dir/Users/bezikmac/Documents/Arduino/Pico/test/pico-sdk/lib/tinyusb/src/tusb.c.o
                0x0000000010003924                tu_edpt_validate
 .text.tu_edpt_bind_driver
                0x000000001000399c       0x34 CMakeFiles/dev_hid_composite.dir/Users/bezikmac/Documents/Arduino/Pico/test/pico-sdk/lib/tinyusb/src/tusb.c.o
                0x000000001000399c                tu_edpt_bind_driver
 .text.tu_fifo_read
                0x00000000100039d0       0xa0 CMakeFiles/dev_hid_composite.dir/Users/bezikmac/Documents/Arduino/Pico/test/pico-sdk/lib/tinyusb/src/common/tusb_fifo.c.o
                0x00000000100039d0                tu_fifo_read
 .text.tu_fifo_write
                0x0000000010003a70       0x88 CMakeFiles/dev_hid_composite.dir/Users/bezikmac/Documents/Arduino/Pico/test/pico-sdk/lib/tinyusb/src/common/tusb_fifo.c.o
                0x0000000010003a70                tu_fifo_write
 .text.tu_fifo_clear
                0x0000000010003af8       0x40 CMakeFiles/dev_hid_composite.dir/Users/bezikmac/Documents/Arduino/Pico/test/pico-sdk/lib/tinyusb/src/common/tusb_fifo.c.o
                0x0000000010003af8                tu_fifo_clear
 .text.board_init
                0x0000000010003b38       0x30 CMakeFiles/dev_hid_composite.dir/Users/bezikmac/Documents/Arduino/Pico/test/pico-sdk/lib/tinyusb/hw/bsp/rp2040/family.c.o
                0x0000000010003b38                board_init
 .text.board_led_write
                0x0000000010003b68       0x14 CMakeFiles/dev_hid_composite.dir/Users/bezikmac/Documents/Arduino/Pico/test/pico-sdk/lib/tinyusb/hw/bsp/rp2040/family.c.o
                0x0000000010003b68                board_led_write
 .text.board_button_read
                0x0000000010003b7c       0x10 CMakeFiles/dev_hid_composite.dir/Users/bezikmac/Documents/Arduino/Pico/test/pico-sdk/lib/tinyusb/hw/bsp/rp2040/family.c.o
                0x0000000010003b7c                board_button_read
 .text.strlen   0x0000000010003b8c       0x5c /opt/homebrew/Cellar/arm-none-eabi-gcc/10.3-2021.10/gcc/bin/../lib/gcc/arm-none-eabi/10.3.1/../../../../arm-none-eabi/lib/thumb/v6-m/nofp/libg.a(lib_a-strlen-stub.o)
                0x0000000010003b8c                strlen
 *(.fini)
 .fini          0x0000000010003be8        0x4 /opt/homebrew/Cellar/arm-none-eabi-gcc/10.3-2021.10/gcc/bin/../lib/gcc/arm-none-eabi/10.3.1/thumb/v6-m/nofp/crti.o
                0x0000000010003be8                _fini
 *fill*         0x0000000010003bec        0x4 
 .fini.__stub   0x0000000010003bf0       0xd0 linker stubs
 *crtbegin.o(.ctors)
 *crtbegin?.o(.ctors)
 *(EXCLUDE_FILE(*crtend.o *crtend?.o) .ctors)
 *(SORT_BY_NAME(.ctors.*))
 *(.ctors)
 *crtbegin.o(.dtors)
 *crtbegin?.o(.dtors)
 *(EXCLUDE_FILE(*crtend.o *crtend?.o) .dtors)
 *(SORT_BY_NAME(.dtors.*))
 *(.dtors)
                0x0000000010003cc0                . = ALIGN (0x4)
                0x0000000010003cc0                PROVIDE (__preinit_array_start = .)
 *(SORT_BY_NAME(.preinit_array.*))
 .preinit_array.00100
                0x0000000010003cc0        0x4 CMakeFiles/dev_hid_composite.dir/Users/bezikmac/Documents/Arduino/Pico/test/pico-sdk/src/rp2_common/pico_runtime_init/runtime_init.c.o
                0x0000000010003cc0                __pre_init_runtime_init_early_resets
 .preinit_array.00101
                0x0000000010003cc4        0x4 CMakeFiles/dev_hid_composite.dir/Users/bezikmac/Documents/Arduino/Pico/test/pico-sdk/src/rp2_common/pico_runtime_init/runtime_init.c.o
                0x0000000010003cc4                __pre_init_runtime_init_usb_power_down
 .preinit_array.00275
                0x0000000010003cc8        0x4 CMakeFiles/dev_hid_composite.dir/Users/bezikmac/Documents/Arduino/Pico/test/pico-sdk/src/rp2_common/pico_bit_ops/bit_ops_aeabi.S.o
 .preinit_array.00300
                0x0000000010003ccc        0x4 CMakeFiles/dev_hid_composite.dir/Users/bezikmac/Documents/Arduino/Pico/test/pico-sdk/src/rp2_common/pico_mem_ops/mem_ops_aeabi.S.o
 .preinit_array.00350
                0x0000000010003cd0        0x4 CMakeFiles/dev_hid_composite.dir/Users/bezikmac/Documents/Arduino/Pico/test/pico-sdk/src/rp2_common/pico_double/double_aeabi_rp2040.S.o
 .preinit_array.00350
                0x0000000010003cd4        0x4 CMakeFiles/dev_hid_composite.dir/Users/bezikmac/Documents/Arduino/Pico/test/pico-sdk/src/rp2_common/pico_float/float_aeabi_rp2040.S.o
 .preinit_array.00500
                0x0000000010003cd8        0x4 CMakeFiles/dev_hid_composite.dir/Users/bezikmac/Documents/Arduino/Pico/test/pico-sdk/src/rp2_common/pico_runtime_init/runtime_init.c.o
                0x0000000010003cd8                __pre_init_runtime_init_clocks
 .preinit_array.00600
                0x0000000010003cdc        0x4 CMakeFiles/dev_hid_composite.dir/Users/bezikmac/Documents/Arduino/Pico/test/pico-sdk/src/rp2_common/pico_runtime_init/runtime_init.c.o
                0x0000000010003cdc                __pre_init_runtime_init_post_clock_resets
 .preinit_array.00700
                0x0000000010003ce0        0x4 CMakeFiles/dev_hid_composite.dir/Users/bezikmac/Documents/Arduino/Pico/test/pico-sdk/src/rp2_common/pico_runtime_init/runtime_init.c.o
                0x0000000010003ce0                __pre_init_runtime_init_rp2040_gpio_ie_disable
 .preinit_array.01000
                0x0000000010003ce4        0x4 CMakeFiles/dev_hid_composite.dir/Users/bezikmac/Documents/Arduino/Pico/test/pico-sdk/src/rp2_common/pico_runtime_init/runtime_init.c.o
                0x0000000010003ce4                __pre_init_runtime_init_spin_locks_reset
 .preinit_array.01100
                0x0000000010003ce8        0x4 CMakeFiles/dev_hid_composite.dir/Users/bezikmac/Documents/Arduino/Pico/test/pico-sdk/src/common/pico_sync/mutex.c.o
                0x0000000010003ce8                __pre_init_runtime_init_mutex
 .preinit_array.10080
                0x0000000010003cec        0x4 CMakeFiles/dev_hid_composite.dir/Users/bezikmac/Documents/Arduino/Pico/test/pico-sdk/src/rp2_common/pico_runtime_init/runtime_init.c.o
                0x0000000010003cec                __pre_init_runtime_init_install_ram_vector_table
 .preinit_array.11000
                0x0000000010003cf0        0x4 CMakeFiles/dev_hid_composite.dir/Users/bezikmac/Documents/Arduino/Pico/test/pico-sdk/src/common/pico_time/time.c.o
                0x0000000010003cf0                __pre_init_runtime_init_default_alarm_pool
 .preinit_array.YYYYY
                0x0000000010003cf4        0x4 CMakeFiles/dev_hid_composite.dir/Users/bezikmac/Documents/Arduino/Pico/test/pico-sdk/src/rp2_common/pico_runtime/runtime.c.o
                0x0000000010003cf4                __pre_init_first_per_core_initializer
 .preinit_array.ZZZZZ.01200
                0x0000000010003cf8        0x4 CMakeFiles/dev_hid_composite.dir/Users/bezikmac/Documents/Arduino/Pico/test/pico-sdk/src/rp2_common/hardware_irq/irq.c.o
                0x0000000010003cf8                __pre_init_runtime_init_per_core_irq_priorities
 *(.preinit_array)
                0x0000000010003cfc                PROVIDE (__preinit_array_end = .)
                0x0000000010003cfc                . = ALIGN (0x4)
                0x0000000010003cfc                PROVIDE (__init_array_start = .)
 *(SORT_BY_NAME(.init_array.*))
 *(.init_array)
 .init_array    0x0000000010003cfc        0x4 /opt/homebrew/Cellar/arm-none-eabi-gcc/10.3-2021.10/gcc/bin/../lib/gcc/arm-none-eabi/10.3.1/thumb/v6-m/nofp/crtbegin.o
 .init_array    0x0000000010003d00        0x4 CMakeFiles/dev_hid_composite.dir/Users/bezikmac/Documents/Arduino/Pico/test/pico-sdk/src/rp2_common/pico_unique_id/unique_id.c.o
                0x0000000010003d04                PROVIDE (__init_array_end = .)
                0x0000000010003d04                . = ALIGN (0x4)
                [!provide]                        PROVIDE (__fini_array_start = .)
 *(SORT_BY_NAME(.fini_array.*))
 *(.fini_array)
                [!provide]                        PROVIDE (__fini_array_end = .)
 *(.eh_frame*)
 .eh_frame      0x0000000010003d04        0x0 /opt/homebrew/Cellar/arm-none-eabi-gcc/10.3-2021.10/gcc/bin/../lib/gcc/arm-none-eabi/10.3.1/thumb/v6-m/nofp/crtbegin.o
                0x0000000010003d04                . = ALIGN (0x4)

.glue_7         0x0000000010003d04        0x0
 .glue_7        0x0000000010003d04        0x0 linker stubs

.glue_7t        0x0000000010003d04        0x0
 .glue_7t       0x0000000010003d04        0x0 linker stubs

.vfp11_veneer   0x0000000010003d04        0x0
 .vfp11_veneer  0x0000000010003d04        0x0 linker stubs

.v4_bx          0x0000000010003d04        0x0
 .v4_bx         0x0000000010003d04        0x0 linker stubs

.iplt           0x0000000010003d04        0x0
 .iplt          0x0000000010003d04        0x0 /opt/homebrew/Cellar/arm-none-eabi-gcc/10.3-2021.10/gcc/bin/../lib/gcc/arm-none-eabi/10.3.1/thumb/v6-m/nofp/crtbegin.o

.rodata         0x0000000010003d04      0x428
 *(EXCLUDE_FILE(*libm.a: *libc.a:*lib_a-mem*.o *libgcc.a:) .rodata*)
 .rodata.print_blocking.constprop.0.isra.0.str1.4
                0x0000000010003d04       0x29 CMakeFiles/dev_hid_composite.dir/main.c.o
 *fill*         0x0000000010003d2d        0x3 
 .rodata.conv_table
                0x0000000010003d30      0x100 CMakeFiles/dev_hid_composite.dir/main.c.o
                0x0000000010003d30                conv_table
 .rodata.str1.4
                0x0000000010003e30       0x10 CMakeFiles/dev_hid_composite.dir/usb_descriptors.c.o
 .rodata.__compound_literal.0
                0x0000000010003e40        0x2 CMakeFiles/dev_hid_composite.dir/usb_descriptors.c.o
 *fill*         0x0000000010003e42        0x2 
 .rodata.desc_configuration
                0x0000000010003e44       0x22 CMakeFiles/dev_hid_composite.dir/usb_descriptors.c.o
                0x0000000010003e44                desc_configuration
 *fill*         0x0000000010003e66        0x2 
 .rodata.desc_device
                0x0000000010003e68       0x12 CMakeFiles/dev_hid_composite.dir/usb_descriptors.c.o
                0x0000000010003e68                desc_device
 *fill*         0x0000000010003e7a        0x2 
 .rodata.desc_hid_report
                0x0000000010003e7c       0x43 CMakeFiles/dev_hid_composite.dir/usb_descriptors.c.o
                0x0000000010003e7c                desc_hid_report
 *fill*         0x0000000010003ebf        0x1 
 .rodata.panic.str1.4
                0x0000000010003ec0       0x12 CMakeFiles/dev_hid_composite.dir/Users/bezikmac/Documents/Arduino/Pico/test/pico-sdk/src/rp2_common/pico_platform_panic/panic.c.o
 *fill*         0x0000000010003ed2        0x2 
 .rodata.spin_lock_claim_unused.str1.4
                0x0000000010003ed4       0x1b CMakeFiles/dev_hid_composite.dir/Users/bezikmac/Documents/Arduino/Pico/test/pico-sdk/src/rp2_common/hardware_sync/sync.c.o
 *fill*         0x0000000010003eef        0x1 
 .rodata.timer_hardware_alarm_claim.str1.4
                0x0000000010003ef0       0x22 CMakeFiles/dev_hid_composite.dir/Users/bezikmac/Documents/Arduino/Pico/test/pico-sdk/src/rp2_common/hardware_timer/timer.c.o
 *fill*         0x0000000010003f12        0x2 
 .rodata.hard_assertion_failure.str1.4
                0x0000000010003f14        0xc CMakeFiles/dev_hid_composite.dir/Users/bezikmac/Documents/Arduino/Pico/test/pico-sdk/src/rp2_common/pico_runtime/runtime.c.o
 .rodata.str1.4
                0x0000000010003f20       0x48 CMakeFiles/dev_hid_composite.dir/Users/bezikmac/Documents/Arduino/Pico/test/pico-sdk/src/rp2_common/pico_standard_binary_info/standard_binary_info.c.o
 .rodata.__bi_26
                0x0000000010003f68        0xc CMakeFiles/dev_hid_composite.dir/Users/bezikmac/Documents/Arduino/Pico/test/pico-sdk/src/rp2_common/pico_standard_binary_info/standard_binary_info.c.o
 .rodata.__bi_34
                0x0000000010003f74        0xc CMakeFiles/dev_hid_composite.dir/Users/bezikmac/Documents/Arduino/Pico/test/pico-sdk/src/rp2_common/pico_standard_binary_info/standard_binary_info.c.o
 .rodata.__bi_42
                0x0000000010003f80        0xc CMakeFiles/dev_hid_composite.dir/Users/bezikmac/Documents/Arduino/Pico/test/pico-sdk/src/rp2_common/pico_standard_binary_info/standard_binary_info.c.o
 .rodata.__bi_48
                0x0000000010003f8c        0xc CMakeFiles/dev_hid_composite.dir/Users/bezikmac/Documents/Arduino/Pico/test/pico-sdk/src/rp2_common/pico_standard_binary_info/standard_binary_info.c.o
 .rodata.__bi_54
                0x0000000010003f98        0xc CMakeFiles/dev_hid_composite.dir/Users/bezikmac/Documents/Arduino/Pico/test/pico-sdk/src/rp2_common/pico_standard_binary_info/standard_binary_info.c.o
 .rodata.__bi_78
                0x0000000010003fa4        0xc CMakeFiles/dev_hid_composite.dir/Users/bezikmac/Documents/Arduino/Pico/test/pico-sdk/src/rp2_common/pico_standard_binary_info/standard_binary_info.c.o
 .rodata.__bi_84
                0x0000000010003fb0        0xc CMakeFiles/dev_hid_composite.dir/Users/bezikmac/Documents/Arduino/Pico/test/pico-sdk/src/rp2_common/pico_standard_binary_info/standard_binary_info.c.o
 .rodata.crlf_str.0
                0x0000000010003fbc        0x2 CMakeFiles/dev_hid_composite.dir/Users/bezikmac/Documents/Arduino/Pico/test/pico-sdk/src/rp2_common/pico_stdio/stdio.c.o
 *fill*         0x0000000010003fbe        0x2 
 .rodata.str1.4
                0x0000000010003fc0       0x14 CMakeFiles/dev_hid_composite.dir/Users/bezikmac/Documents/Arduino/Pico/test/pico-sdk/lib/tinyusb/src/portable/raspberrypi/rp2040/dcd_rp2040.c.o
 .rodata.str1.4
                0x0000000010003fd4       0x48 CMakeFiles/dev_hid_composite.dir/Users/bezikmac/Documents/Arduino/Pico/test/pico-sdk/lib/tinyusb/src/portable/raspberrypi/rp2040/rp2040_usb.c.o
 .rodata.tud_task_ext
                0x000000001000401c       0x8c CMakeFiles/dev_hid_composite.dir/Users/bezikmac/Documents/Arduino/Pico/test/pico-sdk/lib/tinyusb/src/device/usbd.c.o
 .rodata        0x00000000100040a8       0x1c CMakeFiles/dev_hid_composite.dir/Users/bezikmac/Documents/Arduino/Pico/test/pico-sdk/lib/tinyusb/src/device/usbd.c.o
 .rodata._usbd_driver
                0x00000000100040c4       0x20 CMakeFiles/dev_hid_composite.dir/Users/bezikmac/Documents/Arduino/Pico/test/pico-sdk/lib/tinyusb/src/device/usbd.c.o
 .rodata.hidd_control_xfer_cb
                0x00000000100040e4       0x30 CMakeFiles/dev_hid_composite.dir/Users/bezikmac/Documents/Arduino/Pico/test/pico-sdk/lib/tinyusb/src/class/hid/hid_device.c.o
 .rodata.str1.4
                0x0000000010004114        0x4 CMakeFiles/dev_hid_composite.dir/Users/bezikmac/Documents/Arduino/Pico/test/pico-sdk/lib/tinyusb/hw/bsp/rp2040/family.c.o
 .rodata.__bi_153.0
                0x0000000010004118        0xc CMakeFiles/dev_hid_composite.dir/Users/bezikmac/Documents/Arduino/Pico/test/pico-sdk/lib/tinyusb/hw/bsp/rp2040/family.c.o
 .rodata.__bi_163.1
                0x0000000010004124        0x8 CMakeFiles/dev_hid_composite.dir/Users/bezikmac/Documents/Arduino/Pico/test/pico-sdk/lib/tinyusb/hw/bsp/rp2040/family.c.o
                0x000000001000412c                . = ALIGN (0x4)
 *(SORT_BY_ALIGNMENT(SORT_BY_NAME(.flashdata*)))
                0x000000001000412c                . = ALIGN (0x4)

.ARM.extab
 *(.ARM.extab* .gnu.linkonce.armextab.*)
                0x000000001000412c                __exidx_start = .

.ARM.exidx
 *(.ARM.exidx* .gnu.linkonce.armexidx.*)
                0x000000001000412c                __exidx_end = .
                0x000000001000412c                . = ALIGN (0x4)
                0x000000001000412c                __binary_info_start = .

.binary_info    0x000000001000412c       0x24
 *(.binary_info.keep.*)
 .binary_info.keep.__bi_ptr26
                0x000000001000412c        0x4 CMakeFiles/dev_hid_composite.dir/Users/bezikmac/Documents/Arduino/Pico/test/pico-sdk/src/rp2_common/pico_standard_binary_info/standard_binary_info.c.o
 .binary_info.keep.__bi_ptr34
                0x0000000010004130        0x4 CMakeFiles/dev_hid_composite.dir/Users/bezikmac/Documents/Arduino/Pico/test/pico-sdk/src/rp2_common/pico_standard_binary_info/standard_binary_info.c.o
 .binary_info.keep.__bi_ptr42
                0x0000000010004134        0x4 CMakeFiles/dev_hid_composite.dir/Users/bezikmac/Documents/Arduino/Pico/test/pico-sdk/src/rp2_common/pico_standard_binary_info/standard_binary_info.c.o
 .binary_info.keep.__bi_ptr48
                0x0000000010004138        0x4 CMakeFiles/dev_hid_composite.dir/Users/bezikmac/Documents/Arduino/Pico/test/pico-sdk/src/rp2_common/pico_standard_binary_info/standard_binary_info.c.o
 .binary_info.keep.__bi_ptr54
                0x000000001000413c        0x4 CMakeFiles/dev_hid_composite.dir/Users/bezikmac/Documents/Arduino/Pico/test/pico-sdk/src/rp2_common/pico_standard_binary_info/standard_binary_info.c.o
 .binary_info.keep.__bi_ptr78
                0x0000000010004140        0x4 CMakeFiles/dev_hid_composite.dir/Users/bezikmac/Documents/Arduino/Pico/test/pico-sdk/src/rp2_common/pico_standard_binary_info/standard_binary_info.c.o
 .binary_info.keep.__bi_ptr84
                0x0000000010004144        0x4 CMakeFiles/dev_hid_composite.dir/Users/bezikmac/Documents/Arduino/Pico/test/pico-sdk/src/rp2_common/pico_standard_binary_info/standard_binary_info.c.o
 .binary_info.keep.__bi_ptr153
                0x0000000010004148        0x4 CMakeFiles/dev_hid_composite.dir/Users/bezikmac/Documents/Arduino/Pico/test/pico-sdk/lib/tinyusb/hw/bsp/rp2040/family.c.o
 .binary_info.keep.__bi_ptr163
                0x000000001000414c        0x4 CMakeFiles/dev_hid_composite.dir/Users/bezikmac/Documents/Arduino/Pico/test/pico-sdk/lib/tinyusb/hw/bsp/rp2040/family.c.o
 *(.binary_info.*)
                0x0000000010004150                __binary_info_end = .

.rel.dyn        0x0000000010004150        0x0
 .rel.iplt      0x0000000010004150        0x0 /opt/homebrew/Cellar/arm-none-eabi-gcc/10.3-2021.10/gcc/bin/../lib/gcc/arm-none-eabi/10.3.1/thumb/v6-m/nofp/crtbegin.o
                0x0000000010004150                . = ALIGN (0x4)

.ram_vector_table
                0x0000000020000000       0xc0
 *(.ram_vector_table)
 .ram_vector_table
                0x0000000020000000       0xc0 CMakeFiles/dev_hid_composite.dir/Users/bezikmac/Documents/Arduino/Pico/test/pico-sdk/src/rp2_common/pico_runtime_init/runtime_init.c.o
                0x0000000020000000                ram_vector_table

.uninitialized_data
                0x00000000200000c0        0x0
                0x00000000200000c0                . = ALIGN (0x4)
 *(.uninitialized_data*)

.data           0x00000000200000c0      0xff0 load address 0x0000000010004150
                0x00000000200000c0                __data_start__ = .
 *(vtable)
 *(.time_critical*)
 .time_critical.mutex_try_enter_block_until
                0x00000000200000c0       0x9c CMakeFiles/dev_hid_composite.dir/Users/bezikmac/Documents/Arduino/Pico/test/pico-sdk/src/common/pico_sync/mutex.c.o
                0x00000000200000c0                mutex_try_enter_block_until
 .time_critical.mutex_enter_timeout_ms
                0x000000002000015c       0x90 CMakeFiles/dev_hid_composite.dir/Users/bezikmac/Documents/Arduino/Pico/test/pico-sdk/src/common/pico_sync/mutex.c.o
                0x000000002000015c                mutex_enter_timeout_ms
 .time_critical.mutex_exit
                0x00000000200001ec       0x28 CMakeFiles/dev_hid_composite.dir/Users/bezikmac/Documents/Arduino/Pico/test/pico-sdk/src/common/pico_sync/mutex.c.o
                0x00000000200001ec                mutex_exit
 .time_critical.flash_init_boot2_copyout
                0x0000000020000214       0x30 CMakeFiles/dev_hid_composite.dir/Users/bezikmac/Documents/Arduino/Pico/test/pico-sdk/src/rp2_common/hardware_flash/flash.c.o
 .time_critical.flash_enable_xip_via_boot2
                0x0000000020000244       0x10 CMakeFiles/dev_hid_composite.dir/Users/bezikmac/Documents/Arduino/Pico/test/pico-sdk/src/rp2_common/hardware_flash/flash.c.o
 .time_critical.flash_cs_force
                0x0000000020000254       0x38 CMakeFiles/dev_hid_composite.dir/Users/bezikmac/Documents/Arduino/Pico/test/pico-sdk/src/rp2_common/hardware_flash/flash.c.o
 .time_critical.flash_do_cmd
                0x000000002000028c       0xc4 CMakeFiles/dev_hid_composite.dir/Users/bezikmac/Documents/Arduino/Pico/test/pico-sdk/src/rp2_common/hardware_flash/flash.c.o
                0x000000002000028c                flash_do_cmd
 .time_critical.reset_non_control_endpoints
                0x0000000020000350       0xbc CMakeFiles/dev_hid_composite.dir/Users/bezikmac/Documents/Arduino/Pico/test/pico-sdk/lib/tinyusb/src/portable/raspberrypi/rp2040/dcd_rp2040.c.o
 .time_critical.hw_handle_buff_status
                0x000000002000040c       0x98 CMakeFiles/dev_hid_composite.dir/Users/bezikmac/Documents/Arduino/Pico/test/pico-sdk/lib/tinyusb/src/portable/raspberrypi/rp2040/dcd_rp2040.c.o
 .time_critical.dcd_rp2040_irq
                0x00000000200004a4      0x530 CMakeFiles/dev_hid_composite.dir/Users/bezikmac/Documents/Arduino/Pico/test/pico-sdk/lib/tinyusb/src/portable/raspberrypi/rp2040/dcd_rp2040.c.o
 .time_critical.prepare_ep_buffer
                0x00000000200009d4       0xf4 CMakeFiles/dev_hid_composite.dir/Users/bezikmac/Documents/Arduino/Pico/test/pico-sdk/lib/tinyusb/src/portable/raspberrypi/rp2040/rp2040_usb.c.o
 .time_critical.sync_ep_buffer
                0x0000000020000ac8       0xb4 CMakeFiles/dev_hid_composite.dir/Users/bezikmac/Documents/Arduino/Pico/test/pico-sdk/lib/tinyusb/src/portable/raspberrypi/rp2040/rp2040_usb.c.o
 .time_critical._hw_endpoint_xfer_sync
                0x0000000020000b7c       0x28 CMakeFiles/dev_hid_composite.dir/Users/bezikmac/Documents/Arduino/Pico/test/pico-sdk/lib/tinyusb/src/portable/raspberrypi/rp2040/rp2040_usb.c.o
 .time_critical.e15_is_bulkin_ep
                0x0000000020000ba4       0x28 CMakeFiles/dev_hid_composite.dir/Users/bezikmac/Documents/Arduino/Pico/test/pico-sdk/lib/tinyusb/src/portable/raspberrypi/rp2040/rp2040_usb.c.o
 .time_critical.e15_is_critical_frame_period
                0x0000000020000bcc       0x34 CMakeFiles/dev_hid_composite.dir/Users/bezikmac/Documents/Arduino/Pico/test/pico-sdk/lib/tinyusb/src/portable/raspberrypi/rp2040/rp2040_usb.c.o
 .time_critical.hw_endpoint_reset_transfer
                0x0000000020000c00        0xc CMakeFiles/dev_hid_composite.dir/Users/bezikmac/Documents/Arduino/Pico/test/pico-sdk/lib/tinyusb/src/portable/raspberrypi/rp2040/rp2040_usb.c.o
                0x0000000020000c00                hw_endpoint_reset_transfer
 .time_critical._hw_endpoint_buffer_control_update32
                0x0000000020000c0c       0x50 CMakeFiles/dev_hid_composite.dir/Users/bezikmac/Documents/Arduino/Pico/test/pico-sdk/lib/tinyusb/src/portable/raspberrypi/rp2040/rp2040_usb.c.o
                0x0000000020000c0c                _hw_endpoint_buffer_control_update32
 .time_critical.hw_endpoint_start_next_buffer
                0x0000000020000c5c       0x6c CMakeFiles/dev_hid_composite.dir/Users/bezikmac/Documents/Arduino/Pico/test/pico-sdk/lib/tinyusb/src/portable/raspberrypi/rp2040/rp2040_usb.c.o
                0x0000000020000c5c                hw_endpoint_start_next_buffer
 .time_critical.hw_endpoint_xfer_continue
                0x0000000020000cc8       0x40 CMakeFiles/dev_hid_composite.dir/Users/bezikmac/Documents/Arduino/Pico/test/pico-sdk/lib/tinyusb/src/portable/raspberrypi/rp2040/rp2040_usb.c.o
                0x0000000020000cc8                hw_endpoint_xfer_continue
 .time_critical.tinyusb
                0x0000000020000d08      0x1e8 CMakeFiles/dev_hid_composite.dir/Users/bezikmac/Documents/Arduino/Pico/test/pico-sdk/lib/tinyusb/src/device/usbd.c.o
                0x0000000020000d08                dcd_event_handler
 .time_critical.get_bootsel_button
                0x0000000020000ef0       0x60 CMakeFiles/dev_hid_composite.dir/Users/bezikmac/Documents/Arduino/Pico/test/pico-sdk/lib/tinyusb/hw/bsp/rp2040/family.c.o
                0x0000000020000ef0                get_bootsel_button
 *(.text*)
 .text          0x0000000020000f50        0x4 /opt/homebrew/Cellar/arm-none-eabi-gcc/10.3-2021.10/gcc/bin/../lib/gcc/arm-none-eabi/10.3.1/thumb/v6-m/nofp/libgcc.a(_dvmd_tls.o)
                0x0000000020000f50                __aeabi_ldiv0
                0x0000000020000f50                __aeabi_idiv0
 *fill*         0x0000000020000f54        0x4 
 .text.__stub   0x0000000020000f58       0x80 linker stubs
                0x0000000020000fd8                . = ALIGN (0x4)
 *(.rodata*)
                0x0000000020000fd8                . = ALIGN (0x4)
 *(.data*)
 .data.blink_interval_ms
                0x0000000020000fd8        0x4 CMakeFiles/dev_hid_composite.dir/main.c.o
 .data.string_desc_arr
                0x0000000020000fdc       0x10 CMakeFiles/dev_hid_composite.dir/usb_descriptors.c.o
                0x0000000020000fdc                string_desc_arr
 .data.striped_spin_lock_num
                0x0000000020000fec        0x1 CMakeFiles/dev_hid_composite.dir/Users/bezikmac/Documents/Arduino/Pico/test/pico-sdk/src/rp2_common/hardware_sync/sync.c.o
 *fill*         0x0000000020000fed        0x3 
 .data          0x0000000020000ff0       0x48 CMakeFiles/dev_hid_composite.dir/Users/bezikmac/Documents/Arduino/Pico/test/pico-sdk/src/rp2_common/hardware_irq/irq_handler_chain.S.o
                0x0000000020000ff0                irq_handler_chain_slots
                0x0000000020001020                irq_handler_chain_first_slot
                0x000000002000102a                irq_handler_chain_remove_tail
 .data.default_alarm_pool
                0x0000000020001038       0x18 CMakeFiles/dev_hid_composite.dir/Users/bezikmac/Documents/Arduino/Pico/test/pico-sdk/src/common/pico_time/time.c.o
 *fill*         0x0000000020001050        0x0 
 .data.aeabi_bits_funcs
                0x0000000020001050       0x10 CMakeFiles/dev_hid_composite.dir/Users/bezikmac/Documents/Arduino/Pico/test/pico-sdk/src/rp2_common/pico_bit_ops/bit_ops_aeabi.S.o
                0x0000000020001050                aeabi_bits_funcs
                0x0000000020001060                aeabi_bits_funcs_end
 .data.aeabi_mem_funcs
                0x0000000020001060       0x10 CMakeFiles/dev_hid_composite.dir/Users/bezikmac/Documents/Arduino/Pico/test/pico-sdk/src/rp2_common/pico_mem_ops/mem_ops_aeabi.S.o
                0x0000000020001060                aeabi_mem_funcs
                0x0000000020001070                aeabi_mem_funcs_end
 .data.stdio_uart
                0x0000000020001070       0x18 CMakeFiles/dev_hid_composite.dir/Users/bezikmac/Documents/Arduino/Pico/test/pico-sdk/src/rp2_common/pico_stdio_uart/stdio_uart.c.o
                0x0000000020001070                stdio_uart
 .data._usbd_qdef
                0x0000000020001088       0x1c CMakeFiles/dev_hid_composite.dir/Users/bezikmac/Documents/Arduino/Pico/test/pico-sdk/lib/tinyusb/src/device/usbd.c.o
                0x0000000020001088                _usbd_qdef
 .data._usbd_rhport
                0x00000000200010a4        0x1 CMakeFiles/dev_hid_composite.dir/Users/bezikmac/Documents/Arduino/Pico/test/pico-sdk/lib/tinyusb/src/device/usbd.c.o
                0x00000000200010a8                . = ALIGN (0x4)
 *fill*         0x00000000200010a5        0x3 
 *(.after_data.*)
                0x00000000200010a8                . = ALIGN (0x4)
                0x00000000200010a8                PROVIDE (__mutex_array_start = .)
 *(SORT_BY_NAME(.mutex_array.*))
 *(.mutex_array)
 .mutex_array   0x00000000200010a8        0x8 CMakeFiles/dev_hid_composite.dir/Users/bezikmac/Documents/Arduino/Pico/test/pico-sdk/src/rp2_common/pico_stdio/stdio.c.o
                0x00000000200010b0                PROVIDE (__mutex_array_end = .)
                0x00000000200010b0                . = ALIGN (0x4)
 *(.jcr)
                0x00000000200010b0                . = ALIGN (0x4)

.igot.plt       0x00000000200010b0        0x0 load address 0x0000000010005140
 .igot.plt      0x00000000200010b0        0x0 /opt/homebrew/Cellar/arm-none-eabi-gcc/10.3-2021.10/gcc/bin/../lib/gcc/arm-none-eabi/10.3.1/thumb/v6-m/nofp/crtbegin.o

.tdata          0x00000000200010b0        0x0 load address 0x0000000010005140
                0x00000000200010b0                . = ALIGN (0x4)
 *(.tdata .tdata.* .gnu.linkonce.td.*)
                0x00000000200010b0                __tdata_end = .
                0x00000000200010b0                PROVIDE (__data_end__ = .)
                0x0000000010004150                __etext = LOADADDR (.data)

.tbss           0x00000000200010b0        0x0 load address 0x0000000010005140
                0x00000000200010b0                . = ALIGN (0x4)
                0x00000000200010b0                __bss_start__ = .
                0x00000000200010b0                __tls_base = .
 *(.tbss .tbss.* .gnu.linkonce.tb.*)
 *(.tcommon)
                0x00000000200010b0                __tls_end = .

.bss            0x00000000200010b0      0xae8 load address 0x0000000010005140
                0x00000000200010b0                . = ALIGN (0x4)
                0x00000000200010b0                __tbss_end = .
 *(SORT_BY_ALIGNMENT(SORT_BY_NAME(.bss*)))
 .bss.default_alarm_pool_entries
                0x00000000200010b0      0x180 CMakeFiles/dev_hid_composite.dir/Users/bezikmac/Documents/Arduino/Pico/test/pico-sdk/src/common/pico_time/time.c.o
 .bss.sd_table  0x0000000020001230      0x100 CMakeFiles/dev_hid_composite.dir/Users/bezikmac/Documents/Arduino/Pico/test/pico-sdk/src/rp2_common/pico_double/double_init_rom_rp2040.c.o
                0x0000000020001230                sd_table
 .bss.sf_table  0x0000000020001330      0x100 CMakeFiles/dev_hid_composite.dir/Users/bezikmac/Documents/Arduino/Pico/test/pico-sdk/src/rp2_common/pico_float/float_init_rom_rp2040.c.o
                0x0000000020001330                sf_table
 .bss           0x0000000020001430       0x1c /opt/homebrew/Cellar/arm-none-eabi-gcc/10.3-2021.10/gcc/bin/../lib/gcc/arm-none-eabi/10.3.1/thumb/v6-m/nofp/crtbegin.o
 .bss._app_driver
                0x000000002000144c        0x4 CMakeFiles/dev_hid_composite.dir/Users/bezikmac/Documents/Arduino/Pico/test/pico-sdk/lib/tinyusb/src/device/usbd.c.o
 .bss._ctrl_epbuf
                0x0000000020001450        0x8 CMakeFiles/dev_hid_composite.dir/Users/bezikmac/Documents/Arduino/Pico/test/pico-sdk/lib/tinyusb/src/device/usbd_control.c.o
 .bss._ctrl_xfer
                0x0000000020001458       0x14 CMakeFiles/dev_hid_composite.dir/Users/bezikmac/Documents/Arduino/Pico/test/pico-sdk/lib/tinyusb/src/device/usbd_control.c.o
 .bss._desc_str
                0x000000002000146c       0x42 CMakeFiles/dev_hid_composite.dir/usb_descriptors.c.o
 *fill*         0x00000000200014ae        0x2 
 .bss._hidd_epbuf
                0x00000000200014b0       0x30 CMakeFiles/dev_hid_composite.dir/Users/bezikmac/Documents/Arduino/Pico/test/pico-sdk/lib/tinyusb/src/class/hid/hid_device.c.o
 .bss._hidd_itf
                0x00000000200014e0        0xc CMakeFiles/dev_hid_composite.dir/Users/bezikmac/Documents/Arduino/Pico/test/pico-sdk/lib/tinyusb/src/class/hid/hid_device.c.o
 .bss._ubsd_mutexdef
                0x00000000200014ec        0x8 CMakeFiles/dev_hid_composite.dir/Users/bezikmac/Documents/Arduino/Pico/test/pico-sdk/lib/tinyusb/src/device/usbd.c.o
 .bss._usbd_dev
                0x00000000200014f4       0x54 CMakeFiles/dev_hid_composite.dir/Users/bezikmac/Documents/Arduino/Pico/test/pico-sdk/lib/tinyusb/src/device/usbd.c.o
 .bss._usbd_mutex
                0x0000000020001548        0x4 CMakeFiles/dev_hid_composite.dir/Users/bezikmac/Documents/Arduino/Pico/test/pico-sdk/lib/tinyusb/src/device/usbd.c.o
 .bss._usbd_q   0x000000002000154c        0x4 CMakeFiles/dev_hid_composite.dir/Users/bezikmac/Documents/Arduino/Pico/test/pico-sdk/lib/tinyusb/src/device/usbd.c.o
 .bss._usbd_qdef_buf
                0x0000000020001550       0xc0 CMakeFiles/dev_hid_composite.dir/Users/bezikmac/Documents/Arduino/Pico/test/pico-sdk/lib/tinyusb/src/device/usbd.c.o
                0x0000000020001550                _usbd_qdef_buf
 .bss.boot2_copyout
                0x0000000020001610      0x100 CMakeFiles/dev_hid_composite.dir/Users/bezikmac/Documents/Arduino/Pico/test/pico-sdk/src/rp2_common/hardware_flash/flash.c.o
 .bss.button_state
                0x0000000020001710        0x4 CMakeFiles/dev_hid_composite.dir/main.c.o
 .bss.chars_available_callback
                0x0000000020001714        0x4 CMakeFiles/dev_hid_composite.dir/Users/bezikmac/Documents/Arduino/Pico/test/pico-sdk/src/rp2_common/pico_stdio_uart/stdio_uart.c.o
 .bss.chars_available_param
                0x0000000020001718        0x4 CMakeFiles/dev_hid_composite.dir/Users/bezikmac/Documents/Arduino/Pico/test/pico-sdk/src/rp2_common/pico_stdio_uart/stdio_uart.c.o
 .bss.claimed   0x000000002000171c        0x4 CMakeFiles/dev_hid_composite.dir/Users/bezikmac/Documents/Arduino/Pico/test/pico-sdk/src/rp2_common/hardware_sync/sync.c.o
 .bss.claimed   0x0000000020001720        0x1 CMakeFiles/dev_hid_composite.dir/Users/bezikmac/Documents/Arduino/Pico/test/pico-sdk/src/rp2_common/hardware_timer/timer.c.o
 *fill*         0x0000000020001721        0x3 
 .bss.configured_freq
                0x0000000020001724       0x28 CMakeFiles/dev_hid_composite.dir/Users/bezikmac/Documents/Arduino/Pico/test/pico-sdk/src/rp2_common/hardware_clocks/clocks.c.o
 .bss.drivers   0x000000002000174c        0x4 CMakeFiles/dev_hid_composite.dir/Users/bezikmac/Documents/Arduino/Pico/test/pico-sdk/src/rp2_common/pico_stdio/stdio.c.o
 .bss.e15_last_sof
                0x0000000020001750        0x4 CMakeFiles/dev_hid_composite.dir/Users/bezikmac/Documents/Arduino/Pico/test/pico-sdk/lib/tinyusb/src/portable/raspberrypi/rp2040/rp2040_usb.c.o
                0x0000000020001750                e15_last_sof
 .bss.filter    0x0000000020001754        0x4 CMakeFiles/dev_hid_composite.dir/Users/bezikmac/Documents/Arduino/Pico/test/pico-sdk/src/rp2_common/pico_stdio/stdio.c.o
 .bss.hw_endpoints
                0x0000000020001758      0x400 CMakeFiles/dev_hid_composite.dir/Users/bezikmac/Documents/Arduino/Pico/test/pico-sdk/lib/tinyusb/src/portable/raspberrypi/rp2040/dcd_rp2040.c.o
 .bss.lazy_vsnprintf
                0x0000000020001b58        0x4 CMakeFiles/dev_hid_composite.dir/Users/bezikmac/Documents/Arduino/Pico/test/pico-sdk/src/rp2_common/pico_printf/printf.c.o
 .bss.next_buffer_ptr
                0x0000000020001b5c        0x4 CMakeFiles/dev_hid_composite.dir/Users/bezikmac/Documents/Arduino/Pico/test/pico-sdk/lib/tinyusb/src/portable/raspberrypi/rp2040/dcd_rp2040.c.o
 .bss.pools     0x0000000020001b60       0x10 CMakeFiles/dev_hid_composite.dir/Users/bezikmac/Documents/Arduino/Pico/test/pico-sdk/src/common/pico_time/time.c.o
 .bss.retrieved_id
                0x0000000020001b70        0x8 CMakeFiles/dev_hid_composite.dir/Users/bezikmac/Documents/Arduino/Pico/test/pico-sdk/src/rp2_common/pico_unique_id/unique_id.c.o
 .bss.sf_clz_func
                0x0000000020001b78        0x4 CMakeFiles/dev_hid_composite.dir/Users/bezikmac/Documents/Arduino/Pico/test/pico-sdk/src/rp2_common/pico_double/double_init_rom_rp2040.c.o
                0x0000000020001b78                sf_clz_func
 .bss.sleep_notifier
                0x0000000020001b7c        0x4 CMakeFiles/dev_hid_composite.dir/Users/bezikmac/Documents/Arduino/Pico/test/pico-sdk/src/common/pico_time/time.c.o
 .bss.start_ms.1
                0x0000000020001b80        0x4 CMakeFiles/dev_hid_composite.dir/main.c.o
 .bss.uart_char_to_line_feed
                0x0000000020001b84        0x4 CMakeFiles/dev_hid_composite.dir/Users/bezikmac/Documents/Arduino/Pico/test/pico-sdk/src/rp2_common/hardware_uart/uart.c.o
                0x0000000020001b84                uart_char_to_line_feed
 .bss.uart_inst
                0x0000000020001b88        0x4 CMakeFiles/dev_hid_composite.dir/Users/bezikmac/Documents/Arduino/Pico/test/pico-sdk/lib/tinyusb/hw/bsp/rp2040/family.c.o
 .bss.uart_instance
                0x0000000020001b8c        0x4 CMakeFiles/dev_hid_composite.dir/Users/bezikmac/Documents/Arduino/Pico/test/pico-sdk/src/rp2_common/pico_stdio_uart/stdio_uart.c.o
 .bss._app_driver_count
                0x0000000020001b90        0x1 CMakeFiles/dev_hid_composite.dir/Users/bezikmac/Documents/Arduino/Pico/test/pico-sdk/lib/tinyusb/src/device/usbd.c.o
 .bss._sof_enable
                0x0000000020001b91        0x1 CMakeFiles/dev_hid_composite.dir/Users/bezikmac/Documents/Arduino/Pico/test/pico-sdk/lib/tinyusb/src/portable/raspberrypi/rp2040/dcd_rp2040.c.o
 .bss._usbd_queued_setup
                0x0000000020001b92        0x1 CMakeFiles/dev_hid_composite.dir/Users/bezikmac/Documents/Arduino/Pico/test/pico-sdk/lib/tinyusb/src/device/usbd.c.o
 .bss.boot2_copyout_valid
                0x0000000020001b93        0x1 CMakeFiles/dev_hid_composite.dir/Users/bezikmac/Documents/Arduino/Pico/test/pico-sdk/src/rp2_common/hardware_flash/flash.c.o
 .bss.irq_handler_chain_free_slot_head
                0x0000000020001b94        0x1 CMakeFiles/dev_hid_composite.dir/Users/bezikmac/Documents/Arduino/Pico/test/pico-sdk/src/rp2_common/hardware_irq/irq.c.o
 .bss.led_state.0
                0x0000000020001b95        0x1 CMakeFiles/dev_hid_composite.dir/main.c.o
 *(COMMON)
                0x0000000020001b98                . = ALIGN (0x4)
 *fill*         0x0000000020001b96        0x2 
                0x0000000020001b98                __bss_end__ = .

.heap           0x0000000020001b98      0x800 load address 0x0000000010005140
                0x0000000020001b98                __end__ = .
                0x0000000020001b98                end = __end__
 *(.heap*)
 .heap          0x0000000020001b98      0x800 CMakeFiles/dev_hid_composite.dir/Users/bezikmac/Documents/Arduino/Pico/test/pico-sdk/src/rp2_common/pico_crt0/crt0.S.o
                0x0000000020040000                __HeapLimit = (ORIGIN (RAM) + LENGTH (RAM))

.scratch_x      0x0000000020040000        0x0 load address 0x0000000010005140
                0x0000000020040000                __scratch_x_start__ = .
 *(.scratch_x.*)
                0x0000000020040000                . = ALIGN (0x4)
                0x0000000020040000                __scratch_x_end__ = .
                0x0000000010005140                __scratch_x_source__ = LOADADDR (.scratch_x)

.scratch_y      0x0000000020041000        0x0 load address 0x0000000010005140
                0x0000000020041000                __scratch_y_start__ = .
 *(.scratch_y.*)
                0x0000000020041000                . = ALIGN (0x4)
                0x0000000020041000                __scratch_y_end__ = .
                0x0000000010005140                __scratch_y_source__ = LOADADDR (.scratch_y)

.stack1_dummy   0x0000000020040000        0x0
 *(.stack1*)

.stack_dummy    0x0000000020041000      0x800
 *(.stack*)
 .stack         0x0000000020041000      0x800 CMakeFiles/dev_hid_composite.dir/Users/bezikmac/Documents/Arduino/Pico/test/pico-sdk/src/rp2_common/pico_crt0/crt0.S.o

.flash_end      0x0000000010005140        0x0
 *(.embedded_end_block*)
                0x0000000010005140                PROVIDE (__flash_binary_end = .)
                0x0000000020040000                __StackLimit = (ORIGIN (RAM) + LENGTH (RAM))
                0x0000000020041000                __StackOneTop = (ORIGIN (SCRATCH_X) + LENGTH (SCRATCH_X))
                0x0000000020042000                __StackTop = (ORIGIN (SCRATCH_Y) + LENGTH (SCRATCH_Y))
                0x0000000020041000                __StackOneBottom = (__StackOneTop - SIZEOF (.stack1_dummy))
                0x0000000020041800                __StackBottom = (__StackTop - SIZEOF (.stack_dummy))
                0x0000000020042000                PROVIDE (__stack = __StackTop)
                [!provide]                        PROVIDE (__heap_start = __end__)
                [!provide]                        PROVIDE (__heap_end = __HeapLimit)
                [!provide]                        PROVIDE (__tls_align = MAX (ALIGNOF (.tdata), ALIGNOF (.tbss)))
                [!provide]                        PROVIDE (__tls_size_align = (((__tls_size + __tls_align) - 0x1) & ~ ((__tls_align - 0x1))))
                [!provide]                        PROVIDE (__arm32_tls_tcb_offset = MAX (0x8, __tls_align))
                [!provide]                        PROVIDE (_end = __end__)
                [!provide]                        PROVIDE (__llvm_libc_heap_limit = __HeapLimit)
                0x0000000000000001                ASSERT ((__StackLimit >= __HeapLimit), region RAM overflowed)
                0x0000000000000001                ASSERT (((__binary_info_header_end - __logical_binary_start) <= 0x100), Binary info must be in first 256 bytes of the binary)
LOAD CMakeFiles/dev_hid_composite.dir/main.c.o
LOAD CMakeFiles/dev_hid_composite.dir/usb_descriptors.c.o
LOAD CMakeFiles/dev_hid_composite.dir/Users/bezikmac/Documents/Arduino/Pico/test/pico-sdk/src/rp2_common/pico_stdlib/stdlib.c.o
LOAD CMakeFiles/dev_hid_composite.dir/Users/bezikmac/Documents/Arduino/Pico/test/pico-sdk/src/rp2_common/hardware_gpio/gpio.c.o
LOAD CMakeFiles/dev_hid_composite.dir/Users/bezikmac/Documents/Arduino/Pico/test/pico-sdk/src/rp2040/pico_platform/platform.c.o
LOAD CMakeFiles/dev_hid_composite.dir/Users/bezikmac/Documents/Arduino/Pico/test/pico-sdk/src/rp2_common/pico_platform_panic/panic.c.o
LOAD CMakeFiles/dev_hid_composite.dir/Users/bezikmac/Documents/Arduino/Pico/test/pico-sdk/src/common/hardware_claim/claim.c.o
LOAD CMakeFiles/dev_hid_composite.dir/Users/bezikmac/Documents/Arduino/Pico/test/pico-sdk/src/rp2_common/hardware_sync/sync.c.o
LOAD CMakeFiles/dev_hid_composite.dir/Users/bezikmac/Documents/Arduino/Pico/test/pico-sdk/src/rp2_common/hardware_sync_spin_lock/sync_spin_lock.c.o
LOAD CMakeFiles/dev_hid_composite.dir/Users/bezikmac/Documents/Arduino/Pico/test/pico-sdk/src/rp2_common/hardware_irq/irq.c.o
LOAD CMakeFiles/dev_hid_composite.dir/Users/bezikmac/Documents/Arduino/Pico/test/pico-sdk/src/rp2_common/hardware_irq/irq_handler_chain.S.o
LOAD CMakeFiles/dev_hid_composite.dir/Users/bezikmac/Documents/Arduino/Pico/test/pico-sdk/src/common/pico_sync/sem.c.o
LOAD CMakeFiles/dev_hid_composite.dir/Users/bezikmac/Documents/Arduino/Pico/test/pico-sdk/src/common/pico_sync/lock_core.c.o
LOAD CMakeFiles/dev_hid_composite.dir/Users/bezikmac/Documents/Arduino/Pico/test/pico-sdk/src/common/pico_sync/mutex.c.o
LOAD CMakeFiles/dev_hid_composite.dir/Users/bezikmac/Documents/Arduino/Pico/test/pico-sdk/src/common/pico_sync/critical_section.c.o
LOAD CMakeFiles/dev_hid_composite.dir/Users/bezikmac/Documents/Arduino/Pico/test/pico-sdk/src/common/pico_time/time.c.o
LOAD CMakeFiles/dev_hid_composite.dir/Users/bezikmac/Documents/Arduino/Pico/test/pico-sdk/src/common/pico_time/timeout_helper.c.o
LOAD CMakeFiles/dev_hid_composite.dir/Users/bezikmac/Documents/Arduino/Pico/test/pico-sdk/src/rp2_common/hardware_timer/timer.c.o
LOAD CMakeFiles/dev_hid_composite.dir/Users/bezikmac/Documents/Arduino/Pico/test/pico-sdk/src/common/pico_util/datetime.c.o
LOAD CMakeFiles/dev_hid_composite.dir/Users/bezikmac/Documents/Arduino/Pico/test/pico-sdk/src/common/pico_util/pheap.c.o
LOAD CMakeFiles/dev_hid_composite.dir/Users/bezikmac/Documents/Arduino/Pico/test/pico-sdk/src/common/pico_util/queue.c.o
LOAD CMakeFiles/dev_hid_composite.dir/Users/bezikmac/Documents/Arduino/Pico/test/pico-sdk/src/rp2_common/hardware_uart/uart.c.o
LOAD CMakeFiles/dev_hid_composite.dir/Users/bezikmac/Documents/Arduino/Pico/test/pico-sdk/src/rp2_common/hardware_clocks/clocks.c.o
LOAD CMakeFiles/dev_hid_composite.dir/Users/bezikmac/Documents/Arduino/Pico/test/pico-sdk/src/rp2_common/hardware_pll/pll.c.o
LOAD CMakeFiles/dev_hid_composite.dir/Users/bezikmac/Documents/Arduino/Pico/test/pico-sdk/src/rp2_common/hardware_vreg/vreg.c.o
LOAD CMakeFiles/dev_hid_composite.dir/Users/bezikmac/Documents/Arduino/Pico/test/pico-sdk/src/rp2_common/hardware_watchdog/watchdog.c.o
LOAD CMakeFiles/dev_hid_composite.dir/Users/bezikmac/Documents/Arduino/Pico/test/pico-sdk/src/rp2_common/hardware_ticks/ticks.c.o
LOAD CMakeFiles/dev_hid_composite.dir/Users/bezikmac/Documents/Arduino/Pico/test/pico-sdk/src/rp2_common/pico_bootrom/bootrom.c.o
LOAD CMakeFiles/dev_hid_composite.dir/Users/bezikmac/Documents/Arduino/Pico/test/pico-sdk/src/rp2_common/pico_bootrom/bootrom_lock.c.o
LOAD CMakeFiles/dev_hid_composite.dir/Users/bezikmac/Documents/Arduino/Pico/test/pico-sdk/src/rp2_common/hardware_boot_lock/boot_lock.c.o
LOAD CMakeFiles/dev_hid_composite.dir/Users/bezikmac/Documents/Arduino/Pico/test/pico-sdk/src/rp2_common/pico_flash/flash.c.o
LOAD CMakeFiles/dev_hid_composite.dir/Users/bezikmac/Documents/Arduino/Pico/test/pico-sdk/src/rp2_common/hardware_xosc/xosc.c.o
LOAD CMakeFiles/dev_hid_composite.dir/Users/bezikmac/Documents/Arduino/Pico/test/pico-sdk/src/rp2_common/hardware_divider/divider.S.o
LOAD CMakeFiles/dev_hid_composite.dir/Users/bezikmac/Documents/Arduino/Pico/test/pico-sdk/src/rp2_common/pico_runtime/runtime.c.o
LOAD CMakeFiles/dev_hid_composite.dir/Users/bezikmac/Documents/Arduino/Pico/test/pico-sdk/src/rp2_common/pico_runtime_init/runtime_init.c.o
LOAD CMakeFiles/dev_hid_composite.dir/Users/bezikmac/Documents/Arduino/Pico/test/pico-sdk/src/rp2_common/pico_runtime_init/runtime_init_clocks.c.o
LOAD CMakeFiles/dev_hid_composite.dir/Users/bezikmac/Documents/Arduino/Pico/test/pico-sdk/src/rp2_common/pico_runtime_init/runtime_init_stack_guard.c.o
LOAD CMakeFiles/dev_hid_composite.dir/Users/bezikmac/Documents/Arduino/Pico/test/pico-sdk/src/rp2_common/pico_bit_ops/bit_ops_aeabi.S.o
LOAD CMakeFiles/dev_hid_composite.dir/Users/bezikmac/Documents/Arduino/Pico/test/pico-sdk/src/rp2_common/pico_divider/divider_hardware.S.o
LOAD CMakeFiles/dev_hid_composite.dir/Users/bezikmac/Documents/Arduino/Pico/test/pico-sdk/src/rp2_common/pico_double/double_aeabi_rp2040.S.o
LOAD CMakeFiles/dev_hid_composite.dir/Users/bezikmac/Documents/Arduino/Pico/test/pico-sdk/src/rp2_common/pico_double/double_init_rom_rp2040.c.o
LOAD CMakeFiles/dev_hid_composite.dir/Users/bezikmac/Documents/Arduino/Pico/test/pico-sdk/src/rp2_common/pico_double/double_math.c.o
LOAD CMakeFiles/dev_hid_composite.dir/Users/bezikmac/Documents/Arduino/Pico/test/pico-sdk/src/rp2_common/pico_double/double_v1_rom_shim_rp2040.S.o
LOAD CMakeFiles/dev_hid_composite.dir/Users/bezikmac/Documents/Arduino/Pico/test/pico-sdk/src/rp2_common/pico_int64_ops/pico_int64_ops_aeabi.S.o
LOAD CMakeFiles/dev_hid_composite.dir/Users/bezikmac/Documents/Arduino/Pico/test/pico-sdk/src/rp2_common/pico_float/float_aeabi_rp2040.S.o
LOAD CMakeFiles/dev_hid_composite.dir/Users/bezikmac/Documents/Arduino/Pico/test/pico-sdk/src/rp2_common/pico_float/float_init_rom_rp2040.c.o
LOAD CMakeFiles/dev_hid_composite.dir/Users/bezikmac/Documents/Arduino/Pico/test/pico-sdk/src/rp2_common/pico_float/float_math.c.o
LOAD CMakeFiles/dev_hid_composite.dir/Users/bezikmac/Documents/Arduino/Pico/test/pico-sdk/src/rp2_common/pico_float/float_v1_rom_shim_rp2040.S.o
LOAD CMakeFiles/dev_hid_composite.dir/Users/bezikmac/Documents/Arduino/Pico/test/pico-sdk/src/rp2_common/pico_malloc/malloc.c.o
LOAD CMakeFiles/dev_hid_composite.dir/Users/bezikmac/Documents/Arduino/Pico/test/pico-sdk/src/rp2_common/pico_mem_ops/mem_ops_aeabi.S.o
LOAD CMakeFiles/dev_hid_composite.dir/Users/bezikmac/Documents/Arduino/Pico/test/pico-sdk/src/rp2_common/pico_atomic/atomic.c.o
LOAD CMakeFiles/dev_hid_composite.dir/Users/bezikmac/Documents/Arduino/Pico/test/pico-sdk/src/rp2_common/pico_cxx_options/new_delete.cpp.o
LOAD CMakeFiles/dev_hid_composite.dir/Users/bezikmac/Documents/Arduino/Pico/test/pico-sdk/src/rp2_common/pico_standard_binary_info/standard_binary_info.c.o
LOAD CMakeFiles/dev_hid_composite.dir/Users/bezikmac/Documents/Arduino/Pico/test/pico-sdk/src/rp2_common/pico_printf/printf.c.o
LOAD CMakeFiles/dev_hid_composite.dir/Users/bezikmac/Documents/Arduino/Pico/test/pico-sdk/src/rp2_common/pico_crt0/crt0.S.o
LOAD CMakeFiles/dev_hid_composite.dir/Users/bezikmac/Documents/Arduino/Pico/test/pico-sdk/src/rp2_common/pico_clib_interface/newlib_interface.c.o
LOAD CMakeFiles/dev_hid_composite.dir/Users/bezikmac/Documents/Arduino/Pico/test/pico-sdk/src/rp2_common/pico_stdio/stdio.c.o
LOAD CMakeFiles/dev_hid_composite.dir/Users/bezikmac/Documents/Arduino/Pico/test/pico-sdk/src/rp2_common/pico_stdio_uart/stdio_uart.c.o
LOAD CMakeFiles/dev_hid_composite.dir/Users/bezikmac/Documents/Arduino/Pico/test/pico-sdk/src/rp2_common/pico_unique_id/unique_id.c.o
LOAD CMakeFiles/dev_hid_composite.dir/Users/bezikmac/Documents/Arduino/Pico/test/pico-sdk/src/rp2_common/hardware_flash/flash.c.o
LOAD CMakeFiles/dev_hid_composite.dir/Users/bezikmac/Documents/Arduino/Pico/test/pico-sdk/src/rp2_common/hardware_xip_cache/xip_cache.c.o
LOAD CMakeFiles/dev_hid_composite.dir/Users/bezikmac/Documents/Arduino/Pico/test/pico-sdk/lib/tinyusb/src/portable/raspberrypi/rp2040/dcd_rp2040.c.o
LOAD CMakeFiles/dev_hid_composite.dir/Users/bezikmac/Documents/Arduino/Pico/test/pico-sdk/lib/tinyusb/src/portable/raspberrypi/rp2040/rp2040_usb.c.o
LOAD CMakeFiles/dev_hid_composite.dir/Users/bezikmac/Documents/Arduino/Pico/test/pico-sdk/lib/tinyusb/src/device/usbd.c.o
LOAD CMakeFiles/dev_hid_composite.dir/Users/bezikmac/Documents/Arduino/Pico/test/pico-sdk/lib/tinyusb/src/device/usbd_control.c.o
LOAD CMakeFiles/dev_hid_composite.dir/Users/bezikmac/Documents/Arduino/Pico/test/pico-sdk/lib/tinyusb/src/class/audio/audio_device.c.o
LOAD CMakeFiles/dev_hid_composite.dir/Users/bezikmac/Documents/Arduino/Pico/test/pico-sdk/lib/tinyusb/src/class/cdc/cdc_device.c.o
LOAD CMakeFiles/dev_hid_composite.dir/Users/bezikmac/Documents/Arduino/Pico/test/pico-sdk/lib/tinyusb/src/class/dfu/dfu_device.c.o
LOAD CMakeFiles/dev_hid_composite.dir/Users/bezikmac/Documents/Arduino/Pico/test/pico-sdk/lib/tinyusb/src/class/dfu/dfu_rt_device.c.o
LOAD CMakeFiles/dev_hid_composite.dir/Users/bezikmac/Documents/Arduino/Pico/test/pico-sdk/lib/tinyusb/src/class/hid/hid_device.c.o
LOAD CMakeFiles/dev_hid_composite.dir/Users/bezikmac/Documents/Arduino/Pico/test/pico-sdk/lib/tinyusb/src/class/midi/midi_device.c.o
LOAD CMakeFiles/dev_hid_composite.dir/Users/bezikmac/Documents/Arduino/Pico/test/pico-sdk/lib/tinyusb/src/class/msc/msc_device.c.o
LOAD CMakeFiles/dev_hid_composite.dir/Users/bezikmac/Documents/Arduino/Pico/test/pico-sdk/lib/tinyusb/src/class/net/ecm_rndis_device.c.o
LOAD CMakeFiles/dev_hid_composite.dir/Users/bezikmac/Documents/Arduino/Pico/test/pico-sdk/lib/tinyusb/src/class/net/ncm_device.c.o
LOAD CMakeFiles/dev_hid_composite.dir/Users/bezikmac/Documents/Arduino/Pico/test/pico-sdk/lib/tinyusb/src/class/usbtmc/usbtmc_device.c.o
LOAD CMakeFiles/dev_hid_composite.dir/Users/bezikmac/Documents/Arduino/Pico/test/pico-sdk/lib/tinyusb/src/class/vendor/vendor_device.c.o
LOAD CMakeFiles/dev_hid_composite.dir/Users/bezikmac/Documents/Arduino/Pico/test/pico-sdk/lib/tinyusb/src/class/video/video_device.c.o
LOAD CMakeFiles/dev_hid_composite.dir/Users/bezikmac/Documents/Arduino/Pico/test/pico-sdk/lib/tinyusb/src/tusb.c.o
LOAD CMakeFiles/dev_hid_composite.dir/Users/bezikmac/Documents/Arduino/Pico/test/pico-sdk/lib/tinyusb/src/common/tusb_fifo.c.o
LOAD CMakeFiles/dev_hid_composite.dir/Users/bezikmac/Documents/Arduino/Pico/test/pico-sdk/src/rp2_common/pico_fix/rp2040_usb_device_enumeration/rp2040_usb_device_enumeration.c.o
LOAD CMakeFiles/dev_hid_composite.dir/Users/bezikmac/Documents/Arduino/Pico/test/pico-sdk/lib/tinyusb/hw/bsp/rp2040/family.c.o
LOAD pico-sdk/src/rp2040/boot_stage2/CMakeFiles/bs2_default_library.dir/bs2_default_padded_checksummed.S.o
LOAD /opt/homebrew/Cellar/arm-none-eabi-gcc/10.3-2021.10/gcc/bin/../lib/gcc/arm-none-eabi/10.3.1/../../../../arm-none-eabi/lib/thumb/v6-m/nofp/libstdc++.a
LOAD /opt/homebrew/Cellar/arm-none-eabi-gcc/10.3-2021.10/gcc/bin/../lib/gcc/arm-none-eabi/10.3.1/../../../../arm-none-eabi/lib/thumb/v6-m/nofp/libm.a
START GROUP
LOAD /opt/homebrew/Cellar/arm-none-eabi-gcc/10.3-2021.10/gcc/bin/../lib/gcc/arm-none-eabi/10.3.1/thumb/v6-m/nofp/libgcc.a
LOAD /opt/homebrew/Cellar/arm-none-eabi-gcc/10.3-2021.10/gcc/bin/../lib/gcc/arm-none-eabi/10.3.1/../../../../arm-none-eabi/lib/thumb/v6-m/nofp/libg.a
LOAD /opt/homebrew/Cellar/arm-none-eabi-gcc/10.3-2021.10/gcc/bin/../lib/gcc/arm-none-eabi/10.3.1/../../../../arm-none-eabi/lib/thumb/v6-m/nofp/libc.a
END GROUP
START GROUP
LOAD /opt/homebrew/Cellar/arm-none-eabi-gcc/10.3-2021.10/gcc/bin/../lib/gcc/arm-none-eabi/10.3.1/thumb/v6-m/nofp/libgcc.a
LOAD /opt/homebrew/Cellar/arm-none-eabi-gcc/10.3-2021.10/gcc/bin/../lib/gcc/arm-none-eabi/10.3.1/../../../../arm-none-eabi/lib/thumb/v6-m/nofp/libc.a
LOAD /opt/homebrew/Cellar/arm-none-eabi-gcc/10.3-2021.10/gcc/bin/../lib/gcc/arm-none-eabi/10.3.1/../../../../arm-none-eabi/lib/thumb/v6-m/nofp/libnosys.a
END GROUP
LOAD /opt/homebrew/Cellar/arm-none-eabi-gcc/10.3-2021.10/gcc/bin/../lib/gcc/arm-none-eabi/10.3.1/thumb/v6-m/nofp/crtend.o
LOAD /opt/homebrew/Cellar/arm-none-eabi-gcc/10.3-2021.10/gcc/bin/../lib/gcc/arm-none-eabi/10.3.1/thumb/v6-m/nofp/crtn.o
OUTPUT(dev_hid_composite.elf elf32-littlearm)
LOAD linker stubs

.ARM.attributes
                0x0000000000000000       0x28
 .ARM.attributes
                0x0000000000000000       0x1e /opt/homebrew/Cellar/arm-none-eabi-gcc/10.3-2021.10/gcc/bin/../lib/gcc/arm-none-eabi/10.3.1/thumb/v6-m/nofp/crti.o
 .ARM.attributes
                0x000000000000001e       0x2c /opt/homebrew/Cellar/arm-none-eabi-gcc/10.3-2021.10/gcc/bin/../lib/gcc/arm-none-eabi/10.3.1/thumb/v6-m/nofp/crtbegin.o
 .ARM.attributes
                0x000000000000004a       0x2c CMakeFiles/dev_hid_composite.dir/main.c.o
 .ARM.attributes
                0x0000000000000076       0x2c CMakeFiles/dev_hid_composite.dir/usb_descriptors.c.o
 .ARM.attributes
                0x00000000000000a2       0x2c CMakeFiles/dev_hid_composite.dir/Users/bezikmac/Documents/Arduino/Pico/test/pico-sdk/src/rp2_common/hardware_gpio/gpio.c.o
 .ARM.attributes
                0x00000000000000ce       0x2c CMakeFiles/dev_hid_composite.dir/Users/bezikmac/Documents/Arduino/Pico/test/pico-sdk/src/rp2040/pico_platform/platform.c.o
 .ARM.attributes